Component: ARM Compiler 5.06 update 3 (build 300) Tool: armlink [4d35c9]

==============================================================================

Section Cross References

    startup_stm32f103xe.o(STACK) refers (Special) to heapauxi.o(.text) for __use_two_region_memory
    startup_stm32f103xe.o(HEAP) refers (Special) to heapauxi.o(.text) for __use_two_region_memory
    startup_stm32f103xe.o(RESET) refers (Special) to heapauxi.o(.text) for __use_two_region_memory
    startup_stm32f103xe.o(RESET) refers to startup_stm32f103xe.o(STACK) for __initial_sp
    startup_stm32f103xe.o(RESET) refers to startup_stm32f103xe.o(.text) for Reset_Handler
    startup_stm32f103xe.o(RESET) refers to stm32f1xx_it.o(i.NMI_Handler) for NMI_Handler
    startup_stm32f103xe.o(RESET) refers to stm32f1xx_it.o(i.HardFault_Handler) for HardFault_Handler
    startup_stm32f103xe.o(RESET) refers to stm32f1xx_it.o(i.MemManage_Handler) for MemManage_Handler
    startup_stm32f103xe.o(RESET) refers to stm32f1xx_it.o(i.BusFault_Handler) for BusFault_Handler
    startup_stm32f103xe.o(RESET) refers to stm32f1xx_it.o(i.UsageFault_Handler) for UsageFault_Handler
    startup_stm32f103xe.o(RESET) refers to port.o(.emb_text) for SVC_Handler
    startup_stm32f103xe.o(RESET) refers to stm32f1xx_it.o(i.DebugMon_Handler) for DebugMon_Handler
    startup_stm32f103xe.o(RESET) refers to port.o(i.SysTick_Handler) for SysTick_Handler
    startup_stm32f103xe.o(RESET) refers to stm32f1xx_it.o(i.USART3_IRQHandler) for USART3_IRQHandler
    startup_stm32f103xe.o(RESET) refers to stm32f1xx_it.o(i.TIM6_IRQHandler) for TIM6_IRQHandler
    startup_stm32f103xe.o(RESET) refers to stm32f1xx_it.o(i.TIM7_IRQHandler) for TIM7_IRQHandler
    startup_stm32f103xe.o(.text) refers (Special) to heapauxi.o(.text) for __use_two_region_memory
    startup_stm32f103xe.o(.text) refers to system_stm32f1xx.o(i.SystemInit) for SystemInit
    startup_stm32f103xe.o(.text) refers to __main.o(!!!main) for __main
    startup_stm32f103xe.o(.text) refers to startup_stm32f103xe.o(HEAP) for Heap_Mem
    startup_stm32f103xe.o(.text) refers to startup_stm32f103xe.o(STACK) for Stack_Mem
    main.o(i.Get_Distance) refers to stm32f1xx_hal_gpio.o(i.HAL_GPIO_WritePin) for HAL_GPIO_WritePin
    main.o(i.Get_Distance) refers to main.o(i.delay_us) for delay_us
    main.o(i.Get_Distance) refers to stm32f1xx_hal_gpio.o(i.HAL_GPIO_ReadPin) for HAL_GPIO_ReadPin
    main.o(i.Get_Distance) refers to fflt_clz.o(x$fpl$ffltu) for __aeabi_ui2f
    main.o(i.Get_Distance) refers to fdiv.o(x$fpl$fdiv) for __aeabi_fdiv
    main.o(i.Get_Distance) refers to tim.o(.bss) for htim2
    main.o(i.HAL_TIM_PeriodElapsedCallback) refers to stm32f1xx_hal.o(i.HAL_IncTick) for HAL_IncTick
    main.o(i.HAL_TIM_PeriodElapsedCallback) refers to stm32f1xx_hal_gpio.o(i.HAL_GPIO_WritePin) for HAL_GPIO_WritePin
    main.o(i.HAL_TIM_PeriodElapsedCallback) refers to main.o(.data) for .data
    main.o(i.HAL_UART_RxCpltCallback) refers to cmsis_os.o(i.osMessagePut) for osMessagePut
    main.o(i.HAL_UART_RxCpltCallback) refers to stm32f1xx_hal_uart.o(i.HAL_UART_Receive_IT) for HAL_UART_Receive_IT
    main.o(i.HAL_UART_RxCpltCallback) refers to main.o(.data) for .data
    main.o(i.HAL_UART_RxCpltCallback) refers to freertos.o(.data) for BluetoothQueueHandle
    main.o(i.HAL_UART_RxCpltCallback) refers to usart.o(.bss) for huart3
    main.o(i.SystemClock_Config) refers to rt_memclr_w.o(.text) for __aeabi_memclr4
    main.o(i.SystemClock_Config) refers to stm32f1xx_hal_rcc.o(i.HAL_RCC_OscConfig) for HAL_RCC_OscConfig
    main.o(i.SystemClock_Config) refers to stm32f1xx_hal_rcc.o(i.HAL_RCC_ClockConfig) for HAL_RCC_ClockConfig
    main.o(i.delay_us) refers to tim.o(.bss) for htim2
    main.o(i.main) refers to stm32f1xx_hal.o(i.HAL_Init) for HAL_Init
    main.o(i.main) refers to main.o(i.SystemClock_Config) for SystemClock_Config
    main.o(i.main) refers to gpio.o(i.MX_GPIO_Init) for MX_GPIO_Init
    main.o(i.main) refers to i2c.o(i.MX_I2C1_Init) for MX_I2C1_Init
    main.o(i.main) refers to tim.o(i.MX_TIM6_Init) for MX_TIM6_Init
    main.o(i.main) refers to usart.o(i.MX_USART3_UART_Init) for MX_USART3_UART_Init
    main.o(i.main) refers to tim.o(i.MX_TIM4_Init) for MX_TIM4_Init
    main.o(i.main) refers to tim.o(i.MX_TIM2_Init) for MX_TIM2_Init
    main.o(i.main) refers to stm32f1xx_hal_tim.o(i.HAL_TIM_Base_Start_IT) for HAL_TIM_Base_Start_IT
    main.o(i.main) refers to stm32f1xx_hal_tim.o(i.HAL_TIM_Base_Start) for HAL_TIM_Base_Start
    main.o(i.main) refers to stm32f1xx_hal_uart.o(i.HAL_UART_Receive_IT) for HAL_UART_Receive_IT
    main.o(i.main) refers to stm32f1xx_hal_gpio.o(i.HAL_GPIO_Init) for HAL_GPIO_Init
    main.o(i.main) refers to stm32f1xx_hal_tim.o(i.HAL_TIM_PWM_Start) for HAL_TIM_PWM_Start
    main.o(i.main) refers to stm32f1xx_hal.o(i.HAL_Delay) for HAL_Delay
    main.o(i.main) refers to stm32f1xx_hal_gpio.o(i.HAL_GPIO_WritePin) for HAL_GPIO_WritePin
[...]
    cmd_buffer                               0x200000b4   Data          20  freertos.o(.bss)
    xIdleTaskTCBBuffer                       0x200000c8   Data          84  freertos.o(.bss)
    xIdleStack                               0x2000011c   Data         512  freertos.o(.bss)
    .bss                                     0x2000031c   Section       84  i2c.o(.bss)
    .bss                                     0x20000370   Section      216  tim.o(.bss)
    .bss                                     0x20000448   Section       72  usart.o(.bss)
    .bss                                     0x20000490   Section       72  stm32f1xx_hal_timebase_tim.o(.bss)
    .bss                                     0x200004d8   Section      240  tasks.o(.bss)
    pxReadyTasksLists                        0x200004d8   Data         140  tasks.o(.bss)
    xDelayedTaskList1                        0x20000564   Data          20  tasks.o(.bss)
    xDelayedTaskList2                        0x20000578   Data          20  tasks.o(.bss)
    xPendingReadyList                        0x2000058c   Data          20  tasks.o(.bss)
    xTasksWaitingTermination                 0x200005a0   Data          20  tasks.o(.bss)
    xSuspendedTaskList                       0x200005b4   Data          20  tasks.o(.bss)
    .bss                                     0x200005c8   Section    20480  heap_4.o(.bss)
    ucHeap                                   0x200005c8   Data       20480  heap_4.o(.bss)
    .bss                                     0x200055c8   Section       96  libspace.o(.bss)
    HEAP                                     0x20005628   Section      512  startup_stm32f103xe.o(HEAP)
    Heap_Mem                                 0x20005628   Data         512  startup_stm32f103xe.o(HEAP)
    STACK                                    0x20005828   Section     1024  startup_stm32f103xe.o(STACK)
    Stack_Mem                                0x20005828   Data        1024  startup_stm32f103xe.o(STACK)
    __initial_sp                             0x20005c28   Data           0  startup_stm32f103xe.o(STACK)

    Global Symbols

    Symbol Name                              Value     Ov Type        Size  Object(Section)

    BuildAttributes$$THM_ISAv4$P$D$K$B$S$PE$A:L22UL41UL21$X:L11$S22US41US21$IEEE1$IW$USESV6$~STKCKD$USESV7$~SHL$OTIME$ROPI$IEEEX$EBA8$UX$STANDARDLIB$REQ8$PRES8$EABIv2 0x00000000   Number         0  anon$$obj.o ABSOLUTE
    __ARM_use_no_argv                        0x00000000   Number         0  main.o ABSOLUTE
    _printf_flags                            0x00000000   Number         0  printf_stubs.o ABSOLUTE
    _printf_return_value                     0x00000000   Number         0  printf_stubs.o ABSOLUTE
    _printf_sizespec                         0x00000000   Number         0  printf_stubs.o ABSOLUTE
    _printf_widthprec                        0x00000000   Number         0  printf_stubs.o ABSOLUTE
    __ARM_exceptions_init                     - Undefined Weak Reference
    __alloca_initialize                       - Undefined Weak Reference
    __arm_preinit_                            - Undefined Weak Reference
    __cpp_initialize__aeabi_                  - Undefined Weak Reference
    __cxa_finalize                            - Undefined Weak Reference
    __sigvec_lookup                           - Undefined Weak Reference
    _atexit_init                              - Undefined Weak Reference
    _call_atexit_fns                          - Undefined Weak Reference
    _clock_init                               - Undefined Weak Reference
    _fp_trap_init                             - Undefined Weak Reference
    _fp_trap_shutdown                         - Undefined Weak Reference
    _get_lc_collate                           - Undefined Weak Reference
    _get_lc_monetary                          - Undefined Weak Reference
    _get_lc_time                              - Undefined Weak Reference
    _getenv_init                              - Undefined Weak Reference
    _handle_redirection                       - Undefined Weak Reference
    _init_alloc                               - Undefined Weak Reference
    _init_user_alloc                          - Undefined Weak Reference
    _initio                                   - Undefined Weak Reference
    _printf_post_padding                      - Undefined Weak Reference
    _printf_pre_padding                       - Undefined Weak Reference
    _printf_truncate_signed                   - Undefined Weak Reference
    _printf_truncate_unsigned                 - Undefined Weak Reference
    _rand_init                                - Undefined Weak Reference
    _signal_finish                            - Undefined Weak Reference
    _signal_init                              - Undefined Weak Reference
    _terminate_alloc                          - Undefined Weak Reference
    _terminate_user_alloc                     - Undefined Weak Reference
    _terminateio                              - Undefined Weak Reference
    __Vectors_Size                           0x00000130   Number         0  startup_stm32f103xe.o ABSOLUTE
    __Vectors                                0x08000000   Data           4  startup_stm32f103xe.o(RESET)
    __Vectors_End                            0x08000130   Data           0  startup_stm32f103xe.o(RESET)
    __main                                   0x08000131   Thumb Code     8  __main.o(!!!main)
    __scatterload                            0x08000139   Thumb Code     0  __scatter.o(!!!scatter)
    __scatterload_rt2                        0x08000139   Thumb Code    44  __scatter.o(!!!scatter)
    __scatterload_rt2_thumb_only             0x08000139   Thumb Code     0  __scatter.o(!!!scatter)
    __scatterload_null                       0x08000147   Thumb Code     0  __scatter.o(!!!scatter)
    __scatterload_copy                       0x0800016d   Thumb Code    26  __scatter_copy.o(!!handler_copy)
    __scatterload_zeroinit                   0x08000189   Thumb Code    28  __scatter_zi.o(!!handler_zi)
    _printf_f                                0x080001a5   Thumb Code     0  _printf_f.o(.ARM.Collect$$_printf_percent$$00000003)
    _printf_percent                          0x080001a5   Thumb Code     0  _printf_percent.o(.ARM.Collect$$_printf_percent$$00000000)
    _printf_d                                0x080001ab   Thumb Code     0  _printf_d.o(.ARM.Collect$$_printf_percent$$00000009)
    _printf_percent_end                      0x080001b1   Thumb Code     0  _printf_percent_end.o(.ARM.Collect$$_printf_percent$$00000017)
    __rt_lib_init                            0x080001b5   Thumb Code     0  libinit.o(.ARM.Collect$$libinit$$00000000)
    __rt_lib_init_fp_1                       0x080001b7   Thumb Code     0  libinit2.o(.ARM.Collect$$libinit$$00000002)
    __rt_lib_init_heap_1                     0x080001b7   Thumb Code     0  libinit2.o(.ARM.Collect$$libinit$$0000000A)
    __rt_lib_init_lc_common                  0x080001b7   Thumb Code     0  libinit2.o(.ARM.Collect$$libinit$$0000000F)
    __rt_lib_init_preinit_1                  0x080001b7   Thumb Code     0  libinit2.o(.ARM.Collect$$libinit$$00000004)
    __rt_lib_init_rand_1                     0x080001b7   Thumb Code     0  libinit2.o(.ARM.Collect$$libinit$$0000000E)
    __rt_lib_init_user_alloc_1               0x080001b7   Thumb Code     0  libinit2.o(.ARM.Collect$$libinit$$0000000C)
    __rt_lib_init_lc_collate_1               0x080001bd   Thumb Code     0  libinit2.o(.ARM.Collect$$libinit$$00000011)
    __rt_lib_init_lc_ctype_2                 0x080001bd   Thumb Code     0  libinit2.o(.ARM.Collect$$libinit$$00000012)
    __rt_lib_init_lc_ctype_1                 0x080001c9   Thumb Code     0  libinit2.o(.ARM.Collect$$libinit$$00000013)
    __rt_lib_init_lc_monetary_1              0x080001c9   Thumb Code     0  libinit2.o(.ARM.Collect$$libinit$$00000015)
    __rt_lib_init_lc_numeric_2               0x080001c9   Thumb Code     0  libinit2.o(.ARM.Collect$$libinit$$00000016)
    __rt_lib_init_alloca_1                   0x080001d3   Thumb Code     0  libinit2.o(.ARM.Collect$$libinit$$0000002E)
    __rt_lib_init_argv_1                     0x080001d3   Thumb Code     0  libinit2.o(.ARM.Collect$$libinit$$0000002C)
    __rt_lib_init_atexit_1                   0x080001d3   Thumb Code     0  libinit2.o(.ARM.Collect$$libinit$$0000001B)
    __rt_lib_init_clock_1                    0x080001d3   Thumb Code     0  libinit2.o(.ARM.Collect$$libinit$$00000021)
    __rt_lib_init_cpp_1                      0x080001d3   Thumb Code     0  libinit2.o(.ARM.Collect$$libinit$$00000032)
    __rt_lib_init_exceptions_1               0x080001d3   Thumb Code     0  libinit2.o(.ARM.Collect$$libinit$$00000030)
    __rt_lib_init_fp_trap_1                  0x080001d3   Thumb Code     0  libinit2.o(.ARM.Collect$$libinit$$0000001F)
    __rt_lib_init_getenv_1                   0x080001d3   Thumb Code     0  libinit2.o(.ARM.Collect$$libinit$$00000023)
    __rt_lib_init_lc_numeric_1               0x080001d3   Thumb Code     0  libinit2.o(.ARM.Collect$$libinit$$00000017)
    __rt_lib_init_lc_time_1                  0x080001d3   Thumb Code     0  libinit2.o(.ARM.Collect$$libinit$$00000019)
    __rt_lib_init_return                     0x080001d3   Thumb Code     0  libinit2.o(.ARM.Collect$$libinit$$00000033)
    __rt_lib_init_signal_1                   0x080001d3   Thumb Code     0  libinit2.o(.ARM.Collect$$libinit$$0000001D)
    __rt_lib_init_stdio_1                    0x080001d3   Thumb Code     0  libinit2.o(.ARM.Collect$$libinit$$00000025)
    __rt_lib_shutdown                        0x080001d5   Thumb Code     0  libshutdown.o(.ARM.Collect$$libshutdown$$00000000)
    __rt_lib_shutdown_cpp_1                  0x080001d7   Thumb Code     0  libshutdown2.o(.ARM.Collect$$libshutdown$$00000002)
    __rt_lib_shutdown_fp_trap_1              0x080001d7   Thumb Code     0  libshutdown2.o(.ARM.Collect$$libshutdown$$00000007)
    __rt_lib_shutdown_heap_1                 0x080001d7   Thumb Code     0  libshutdown2.o(.ARM.Collect$$libshutdown$$0000000F)
    __rt_lib_shutdown_return                 0x080001d7   Thumb Code     0  libshutdown2.o(.ARM.Collect$$libshutdown$$00000010)
    __rt_lib_shutdown_signal_1               0x080001d7   Thumb Code     0  libshutdown2.o(.ARM.Collect$$libshutdown$$0000000A)
    __rt_lib_shutdown_stdio_1                0x080001d7   Thumb Code     0  libshutdown2.o(.ARM.Collect$$libshutdown$$00000004)
    __rt_lib_shutdown_user_alloc_1           0x080001d7   Thumb Code     0  libshutdown2.o(.ARM.Collect$$libshutdown$$0000000C)
    __rt_entry                               0x080001d9   Thumb Code     0  __rtentry.o(.ARM.Collect$$rtentry$$00000000)
    __rt_entry_presh_1                       0x080001d9   Thumb Code     0  __rtentry2.o(.ARM.Collect$$rtentry$$00000002)
    __rt_entry_sh                            0x080001d9   Thumb Code     0  __rtentry4.o(.ARM.Collect$$rtentry$$00000004)
    __rt_entry_li                            0x080001df   Thumb Code     0  __rtentry2.o(.ARM.Collect$$rtentry$$0000000A)
    __rt_entry_postsh_1                      0x080001df   Thumb Code     0  __rtentry2.o(.ARM.Collect$$rtentry$$00000009)
    __rt_entry_main                          0x080001e3   Thumb Code     0  __rtentry2.o(.ARM.Collect$$rtentry$$0000000D)
    __rt_entry_postli_1                      0x080001e3   Thumb Code     0  __rtentry2.o(.ARM.Collect$$rtentry$$0000000C)
    __rt_exit                                0x080001eb   Thumb Code     0  rtexit.o(.ARM.Collect$$rtexit$$00000000)
    __rt_exit_ls                             0x080001ed   Thumb Code     0  rtexit2.o(.ARM.Collect$$rtexit$$00000003)
    __rt_exit_prels_1                        0x080001ed   Thumb Code     0  rtexit2.o(.ARM.Collect$$rtexit$$00000002)
    __rt_exit_exit                           0x080001f1   Thumb Code     0  rtexit2.o(.ARM.Collect$$rtexit$$00000004)
    SVC_Handler                              0x080001f9   Thumb Code    32  port.o(.emb_text)
    __asm___6_port_c_39a90d8d__prvStartFirstTask 0x0800021d   Thumb Code    28  port.o(.emb_text)
    PendSV_Handler                           0x0800023d   Thumb Code    72  port.o(.emb_text)
    vPortGetIPSR                             0x08000289   Thumb Code     6  port.o(.emb_text)
    Reset_Handler                            0x08000291   Thumb Code     8  startup_stm32f103xe.o(.text)
    ADC1_2_IRQHandler                        0x080002ab   Thumb Code     0  startup_stm32f103xe.o(.text)
    ADC3_IRQHandler                          0x080002ab   Thumb Code     0  startup_stm32f103xe.o(.text)
    CAN1_RX1_IRQHandler                      0x080002ab   Thumb Code     0  startup_stm32f103xe.o(.text)
    CAN1_SCE_IRQHandler                      0x080002ab   Thumb Code     0  startup_stm32f103xe.o(.text)
    DMA1_Channel1_IRQHandler                 0x080002ab   Thumb Code     0  startup_stm32f103xe.o(.text)
    DMA1_Channel2_IRQHandler                 0x080002ab   Thumb Code     0  startup_stm32f103xe.o(.text)
    DMA1_Channel3_IRQHandler                 0x080002ab   Thumb Code     0  startup_stm32f103xe.o(.text)
    DMA1_Channel4_IRQHandler                 0x080002ab   Thumb Code     0  startup_stm32f103xe.o(.text)
    DMA1_Channel5_IRQHandler                 0x080002ab   Thumb Code     0  startup_stm32f103xe.o(.text)
    DMA1_Channel6_IRQHandler                 0x080002ab   Thumb Code     0  startup_stm32f103xe.o(.text)
    DMA1_Channel7_IRQHandler                 0x080002ab   Thumb Code     0  startup_stm32f103xe.o(.text)
    DMA2_Channel1_IRQHandler                 0x080002ab   Thumb Code     0  startup_stm32f103xe.o(.text)
    DMA2_Channel2_IRQHandler                 0x080002ab   Thumb Code     0  startup_stm32f103xe.o(.text)
    DMA2_Channel3_IRQHandler                 0x080002ab   Thumb Code     0  startup_stm32f103xe.o(.text)
    DMA2_Channel4_5_IRQHandler               0x080002ab   Thumb Code     0  startup_stm32f103xe.o(.text)
    EXTI0_IRQHandler                         0x080002ab   Thumb Code     0  startup_stm32f103xe.o(.text)
    EXTI15_10_IRQHandler                     0x080002ab   Thumb Code     0  startup_stm32f103xe.o(.text)
    EXTI1_IRQHandler                         0x080002ab   Thumb Code     0  startup_stm32f103xe.o(.text)
    EXTI2_IRQHandler                         0x080002ab   Thumb Code     0  startup_stm32f103xe.o(.text)
    EXTI3_IRQHandler                         0x080002ab   Thumb Code     0  startup_stm32f103xe.o(.text)
    EXTI4_IRQHandler                         0x080002ab   Thumb Code     0  startup_stm32f103xe.o(.text)
    EXTI9_5_IRQHandler                       0x080002ab   Thumb Code     0  startup_stm32f103xe.o(.text)
    FLASH_IRQHandler                         0x080002ab   Thumb Code     0  startup_stm32f103xe.o(.text)
    FSMC_IRQHandler                          0x080002ab   Thumb Code     0  startup_stm32f103xe.o(.text)
    I2C1_ER_IRQHandler                       0x080002ab   Thumb Code     0  startup_stm32f103xe.o(.text)
    I2C1_EV_IRQHandler                       0x080002ab   Thumb Code     0  startup_stm32f103xe.o(.text)
    I2C2_ER_IRQHandler                       0x080002ab   Thumb Code     0  startup_stm32f103xe.o(.text)
    I2C2_EV_IRQHandler                       0x080002ab   Thumb Code     0  startup_stm32f103xe.o(.text)
    PVD_IRQHandler                           0x080002ab   Thumb Code     0  startup_stm32f103xe.o(.text)
    RCC_IRQHandler                           0x080002ab   Thumb Code     0  startup_stm32f103xe.o(.text)
    RTC_Alarm_IRQHandler                     0x080002ab   Thumb Code     0  startup_stm32f103xe.o(.text)
    RTC_IRQHandler                           0x080002ab   Thumb Code     0  startup_stm32f103xe.o(.text)
    SDIO_IRQHandler                          0x080002ab   Thumb Code     0  startup_stm32f103xe.o(.text)
    SPI1_IRQHandler                          0x080002ab   Thumb Code     0  startup_stm32f103xe.o(.text)
    SPI2_IRQHandler                          0x080002ab   Thumb Code     0  startup_stm32f103xe.o(.text)
    SPI3_IRQHandler                          0x080002ab   Thumb Code     0  startup_stm32f103xe.o(.text)
    TAMPER_IRQHandler                        0x080002ab   Thumb Code     0  startup_stm32f103xe.o(.text)
    TIM1_BRK_IRQHandler                      0x080002ab   Thumb Code     0  startup_stm32f103xe.o(.text)
    TIM1_CC_IRQHandler                       0x080002ab   Thumb Code     0  startup_stm32f103xe.o(.text)
    TIM1_TRG_COM_IRQHandler                  0x080002ab   Thumb Code     0  startup_stm32f103xe.o(.text)
    TIM1_UP_IRQHandler                       0x080002ab   Thumb Code     0  startup_stm32f103xe.o(.text)
    TIM2_IRQHandler                          0x080002ab   Thumb Code     0  startup_stm32f103xe.o(.text)
    TIM3_IRQHandler                          0x080002ab   Thumb Code     0  startup_stm32f103xe.o(.text)
    TIM4_IRQHandler                          0x080002ab   Thumb Code     0  startup_stm32f103xe.o(.text)
    TIM5_IRQHandler                          0x080002ab   Thumb Code     0  startup_stm32f103xe.o(.text)
    TIM8_BRK_IRQHandler                      0x080002ab   Thumb Code     0  startup_stm32f103xe.o(.text)
    TIM8_CC_IRQHandler                       0x080002ab   Thumb Code     0  startup_stm32f103xe.o(.text)
    TIM8_TRG_COM_IRQHandler                  0x080002ab   Thumb Code     0  startup_stm32f103xe.o(.text)
    TIM8_UP_IRQHandler                       0x080002ab   Thumb Code     0  startup_stm32f103xe.o(.text)
    UART4_IRQHandler                         0x080002ab   Thumb Code     0  startup_stm32f103xe.o(.text)
    UART5_IRQHandler                         0x080002ab   Thumb Code     0  startup_stm32f103xe.o(.text)
    USART1_IRQHandler                        0x080002ab   Thumb Code     0  startup_stm32f103xe.o(.text)
    USART2_IRQHandler                        0x080002ab   Thumb Code     0  startup_stm32f103xe.o(.text)
    USBWakeUp_IRQHandler                     0x080002ab   Thumb Code     0  startup_stm32f103xe.o(.text)
    USB_HP_CAN1_TX_IRQHandler                0x080002ab   Thumb Code     0  startup_stm32f103xe.o(.text)
    USB_LP_CAN1_RX0_IRQHandler               0x080002ab   Thumb Code     0  startup_stm32f103xe.o(.text)
    WWDG_IRQHandler                          0x080002ab   Thumb Code     0  startup_stm32f103xe.o(.text)
    __user_initial_stackheap                 0x080002ad   Thumb Code     0  startup_stm32f103xe.o(.text)
    __2sprintf                               0x080002d1   Thumb Code    34  noretval__2sprintf.o(.text)
    _printf_int_dec                          0x080002f9   Thumb Code   104  _printf_dec.o(.text)
    __printf                                 0x08000371   Thumb Code   270  __printf_wp.o(.text)
    atoi                                     0x0800047f   Thumb Code    26  atoi.o(.text)
    strlen                                   0x08000499   Thumb Code    62  strlen.o(.text)
    __aeabi_memcpy                           0x080004d7   Thumb Code     0  rt_memcpy_v6.o(.text)
    __rt_memcpy                              0x080004d7   Thumb Code   138  rt_memcpy_v6.o(.text)
    _memcpy_lastbytes                        0x0800053d   Thumb Code     0  rt_memcpy_v6.o(.text)
    __aeabi_memcpy4                          0x08000561   Thumb Code     0  rt_memcpy_w.o(.text)
    __aeabi_memcpy8                          0x08000561   Thumb Code     0  rt_memcpy_w.o(.text)
    __rt_memcpy_w                            0x08000561   Thumb Code   100  rt_memcpy_w.o(.text)
    _memcpy_lastbytes_aligned                0x080005a9   Thumb Code     0  rt_memcpy_w.o(.text)
    __aeabi_memclr4                          0x080005c5   Thumb Code     0  rt_memclr_w.o(.text)
    __aeabi_memclr8                          0x080005c5   Thumb Code     0  rt_memclr_w.o(.text)
    __rt_memclr_w                            0x080005c5   Thumb Code    78  rt_memclr_w.o(.text)
    _memset_w                                0x080005c9   Thumb Code     0  rt_memclr_w.o(.text)
    __use_two_region_memory                  0x08000613   Thumb Code     2  heapauxi.o(.text)
    __rt_heap_escrow$2region                 0x08000615   Thumb Code     2  heapauxi.o(.text)
    __rt_heap_expand$2region                 0x08000617   Thumb Code     2  heapauxi.o(.text)
    __aeabi_errno_addr                       0x08000619   Thumb Code     8  rt_errno_addr_intlibspace.o(.text)
    __errno$intlibspace                      0x08000619   Thumb Code     0  rt_errno_addr_intlibspace.o(.text)
    __rt_errno_addr$intlibspace              0x08000619   Thumb Code     0  rt_errno_addr_intlibspace.o(.text)
    __read_errno                             0x08000621   Thumb Code    10  _rserrno.o(.text)
    __set_errno                              0x0800062b   Thumb Code    12  _rserrno.o(.text)
    _printf_int_common                       0x08000637   Thumb Code   178  _printf_intcommon.o(.text)
    __lib_sel_fp_printf                      0x080006e9   Thumb Code     2  _printf_fp_dec.o(.text)
    _printf_fp_dec_real                      0x08000897   Thumb Code   620  _printf_fp_dec.o(.text)
    _printf_char_common                      0x08000b0f   Thumb Code    32  _printf_char_common.o(.text)
    _sputc                                   0x08000b35   Thumb Code    10  _sputc.o(.text)
    __strtod_int                             0x08000b7d   Thumb Code    90  strtod.o(.text)
    strtol                                   0x08000be5   Thumb Code   112  strtol.o(.text)
    __user_libspace                          0x08000c55   Thumb Code     8  libspace.o(.text)
    __user_perproc_libspace                  0x08000c55   Thumb Code     0  libspace.o(.text)
    __user_perthread_libspace                0x08000c55   Thumb Code     0  libspace.o(.text)
    __rt_ctype_table                         0x08000c5d   Thumb Code    16  rt_ctype_table.o(.text)
    __rt_locale                              0x08000c6d   Thumb Code     8  rt_locale_intlibspace.o(.text)
    _ll_udiv10                               0x08000c75   Thumb Code   138  lludiv10.o(.text)
    isspace                                  0x08000cff   Thumb Code    18  isspace.o(.text)
    _printf_fp_infnan                        0x08000d11   Thumb Code   112  _printf_fp_infnan.o(.text)
    _sgetc                                   0x08000d91   Thumb Code    30  _sgetc.o(.text)
    _sbackspace                              0x08000daf   Thumb Code    34  _sgetc.o(.text)
    _strtoul                                 0x08000dd1   Thumb Code   158  _strtoul.o(.text)
    _btod_etento                             0x08000e71   Thumb Code   216  bigflt0.o(.text)
    __user_setup_stackheap                   0x08000f4d   Thumb Code    74  sys_stackheap_outer.o(.text)
    _chval                                   0x08000f97   Thumb Code    28  _chval.o(.text)
    _scanf_really_real                       0x080011b1   Thumb Code   668  scanf_fp.o(.text)
    exit                                     0x08001459   Thumb Code    18  exit.o(.text)
    strcmp                                   0x0800146d   Thumb Code   128  strcmpv7m.o(.text)
    _scanf_really_hex_real                   0x080014ed   Thumb Code   786  scanf_hexfp.o(.text)
    _scanf_really_infnan                     0x0800180d   Thumb Code   292  scanf_infnan.o(.text)
    _sys_exit                                0x08001941   Thumb Code     8  sys_exit.o(.text)
    __aeabi_llsl                             0x0800194d   Thumb Code     0  llshl.o(.text)
    _ll_shift_l                              0x0800194d   Thumb Code    38  llshl.o(.text)
    __I$use$semihosting                      0x08001973   Thumb Code     0  use_no_semi.o(.text)
    __use_no_semihosting_swi                 0x08001973   Thumb Code     2  use_no_semi.o(.text)
    __semihosting_library_function           0x08001975   Thumb Code     0  indicate_semi.o(.text)
    _btod_d2e                                0x08001975   Thumb Code    62  btod.o(CL$$btod_d2e)
    _d2e_denorm_low                          0x080019b3   Thumb Code    70  btod.o(CL$$btod_d2e_denorm_low)
    _d2e_norm_op1                            0x080019f9   Thumb Code    96  btod.o(CL$$btod_d2e_norm_op1)
    __btod_div_common                        0x08001a59   Thumb Code   696  btod.o(CL$$btod_div_common)
    _e2d                                     0x08001d91   Thumb Code    80  btod.o(CL$$btod_e2d)
    _e2e                                     0x08001de5   Thumb Code   198  btod.o(CL$$btod_e2e)
    _btod_ediv                               0x08001eab   Thumb Code    40  btod.o(CL$$btod_ediv)
    _btod_edivd                              0x08001ed3   Thumb Code    40  btod.o(CL$$btod_edivd)
    _btod_emul                               0x08001efb   Thumb Code    40  btod.o(CL$$btod_emul)
    _btod_emuld                              0x08001f23   Thumb Code    40  btod.o(CL$$btod_emuld)
    __btod_mult_common                       0x08001f4b   Thumb Code   580  btod.o(CL$$btod_mult_common)
    Auto_Turn                                0x08002191   Thumb Code   314  freertos.o(i.Auto_Turn)
    BusFault_Handler                         0x08002305   Thumb Code     2  stm32f1xx_it.o(i.BusFault_Handler)
    DebugMon_Handler                         0x08002307   Thumb Code     2  stm32f1xx_it.o(i.DebugMon_Handler)
    Error_Handler                            0x08002309   Thumb Code     4  main.o(i.Error_Handler)
    Get_Distance                             0x0800230d   Thumb Code   116  main.o(i.Get_Distance)
    Get_Tracking_Error                       0x08002399   Thumb Code    86  freertos.o(i.Get_Tracking_Error)
    HAL_DMA_Abort                            0x080023f9   Thumb Code    70  stm32f1xx_hal_dma.o(i.HAL_DMA_Abort)
    HAL_DMA_Abort_IT                         0x08002441   Thumb Code   296  stm32f1xx_hal_dma.o(i.HAL_DMA_Abort_IT)
    HAL_Delay                                0x08002571   Thumb Code    32  stm32f1xx_hal.o(i.HAL_Delay)
    HAL_GPIO_DeInit                          0x08002595   Thumb Code   284  stm32f1xx_hal_gpio.o(i.HAL_GPIO_DeInit)
    HAL_GPIO_Init                            0x080026d1   Thumb Code   462  stm32f1xx_hal_gpio.o(i.HAL_GPIO_Init)
    HAL_GPIO_ReadPin                         0x080028c9   Thumb Code    10  stm32f1xx_hal_gpio.o(i.HAL_GPIO_ReadPin)
    HAL_GPIO_WritePin                        0x080028d3   Thumb Code    10  stm32f1xx_hal_gpio.o(i.HAL_GPIO_WritePin)
    HAL_GetTick                              0x080028dd   Thumb Code     6  stm32f1xx_hal.o(i.HAL_GetTick)
    HAL_I2C_DeInit                           0x080028e9   Thumb Code    50  stm32f1xx_hal_i2c.o(i.HAL_I2C_DeInit)
    HAL_I2C_Init                             0x0800291d   Thumb Code   376  stm32f1xx_hal_i2c.o(i.HAL_I2C_Init)
    HAL_I2C_Mem_Read                         0x08002aa5   Thumb Code   586  stm32f1xx_hal_i2c.o(i.HAL_I2C_Mem_Read)
    HAL_I2C_Mem_Write                        0x08002d01   Thumb Code   294  stm32f1xx_hal_i2c.o(i.HAL_I2C_Mem_Write)
    HAL_I2C_MspDeInit                        0x08002e31   Thumb Code    44  i2c.o(i.HAL_I2C_MspDeInit)
    HAL_I2C_MspInit                          0x08002e69   Thumb Code    80  i2c.o(i.HAL_I2C_MspInit)
    HAL_IncTick                              0x08002ec5   Thumb Code    12  stm32f1xx_hal.o(i.HAL_IncTick)
    HAL_Init                                 0x08002ed5   Thumb Code    32  stm32f1xx_hal.o(i.HAL_Init)
    HAL_InitTick                             0x08002ef9   Thumb Code   132  stm32f1xx_hal_timebase_tim.o(i.HAL_InitTick)
    HAL_MspInit                              0x08002f91   Thumb Code    62  stm32f1xx_hal_msp.o(i.HAL_MspInit)
    HAL_NVIC_EnableIRQ                       0x08002fd9   Thumb Code    26  stm32f1xx_hal_cortex.o(i.HAL_NVIC_EnableIRQ)
    HAL_NVIC_SetPriority                     0x08002ff5   Thumb Code    60  stm32f1xx_hal_cortex.o(i.HAL_NVIC_SetPriority)
    HAL_NVIC_SetPriorityGrouping             0x08003035   Thumb Code    26  stm32f1xx_hal_cortex.o(i.HAL_NVIC_SetPriorityGrouping)
    HAL_RCC_ClockConfig                      0x08003059   Thumb Code   280  stm32f1xx_hal_rcc.o(i.HAL_RCC_ClockConfig)
    HAL_RCC_GetClockConfig                   0x08003185   Thumb Code    54  stm32f1xx_hal_rcc.o(i.HAL_RCC_GetClockConfig)
    HAL_RCC_GetPCLK1Freq                     0x080031c5   Thumb Code    20  stm32f1xx_hal_rcc.o(i.HAL_RCC_GetPCLK1Freq)
    HAL_RCC_GetPCLK2Freq                     0x080031e5   Thumb Code    20  stm32f1xx_hal_rcc.o(i.HAL_RCC_GetPCLK2Freq)
    HAL_RCC_GetSysClockFreq                  0x08003205   Thumb Code    58  stm32f1xx_hal_rcc.o(i.HAL_RCC_GetSysClockFreq)
    HAL_RCC_OscConfig                        0x08003251   Thumb Code   778  stm32f1xx_hal_rcc.o(i.HAL_RCC_OscConfig)
    HAL_TIMEx_BreakCallback                  0x08003571   Thumb Code     2  stm32f1xx_hal_tim_ex.o(i.HAL_TIMEx_BreakCallback)
    HAL_TIMEx_CommutCallback                 0x08003573   Thumb Code     2  stm32f1xx_hal_tim_ex.o(i.HAL_TIMEx_CommutCallback)
    HAL_TIMEx_MasterConfigSynchronization    0x08003575   Thumb Code   104  stm32f1xx_hal_tim_ex.o(i.HAL_TIMEx_MasterConfigSynchronization)
    HAL_TIM_Base_Init                        0x080035f1   Thumb Code    90  stm32f1xx_hal_tim.o(i.HAL_TIM_Base_Init)
    HAL_TIM_Base_MspInit                     0x0800364d   Thumb Code    94  tim.o(i.HAL_TIM_Base_MspInit)
    HAL_TIM_Base_Start                       0x080036b9   Thumb Code    78  stm32f1xx_hal_tim.o(i.HAL_TIM_Base_Start)
    HAL_TIM_Base_Start_IT                    0x0800371d   Thumb Code    88  stm32f1xx_hal_tim.o(i.HAL_TIM_Base_Start_IT)
    HAL_TIM_ConfigClockSource                0x08003789   Thumb Code   220  stm32f1xx_hal_tim.o(i.HAL_TIM_ConfigClockSource)
    HAL_TIM_IC_CaptureCallback               0x08003865   Thumb Code     2  stm32f1xx_hal_tim.o(i.HAL_TIM_IC_CaptureCallback)
    HAL_TIM_IRQHandler                       0x08003867   Thumb Code   304  stm32f1xx_hal_tim.o(i.HAL_TIM_IRQHandler)
    HAL_TIM_MspPostInit                      0x08003999   Thumb Code    78  tim.o(i.HAL_TIM_MspPostInit)
    HAL_TIM_OC_DelayElapsedCallback          0x080039f9   Thumb Code     2  stm32f1xx_hal_tim.o(i.HAL_TIM_OC_DelayElapsedCallback)
    HAL_TIM_PWM_ConfigChannel                0x080039fb   Thumb Code   204  stm32f1xx_hal_tim.o(i.HAL_TIM_PWM_ConfigChannel)
    HAL_TIM_PWM_Init                         0x08003ac7   Thumb Code    90  stm32f1xx_hal_tim.o(i.HAL_TIM_PWM_Init)
    HAL_TIM_PWM_MspInit                      0x08003b21   Thumb Code     2  stm32f1xx_hal_tim.o(i.HAL_TIM_PWM_MspInit)
    HAL_TIM_PWM_PulseFinishedCallback        0x08003b23   Thumb Code     2  stm32f1xx_hal_tim.o(i.HAL_TIM_PWM_PulseFinishedCallback)
    HAL_TIM_PWM_Start                        0x08003b25   Thumb Code   160  stm32f1xx_hal_tim.o(i.HAL_TIM_PWM_Start)
    HAL_TIM_PeriodElapsedCallback            0x08003bd9   Thumb Code    94  main.o(i.HAL_TIM_PeriodElapsedCallback)
    HAL_TIM_TriggerCallback                  0x08003c49   Thumb Code     2  stm32f1xx_hal_tim.o(i.HAL_TIM_TriggerCallback)
    HAL_UARTEx_RxEventCallback               0x08003c4b   Thumb Code     2  stm32f1xx_hal_uart.o(i.HAL_UARTEx_RxEventCallback)
    HAL_UART_ErrorCallback                   0x08003c4d   Thumb Code     2  stm32f1xx_hal_uart.o(i.HAL_UART_ErrorCallback)
    HAL_UART_IRQHandler                      0x08003c51   Thumb Code   616  stm32f1xx_hal_uart.o(i.HAL_UART_IRQHandler)
    HAL_UART_Init                            0x08003ebd   Thumb Code   100  stm32f1xx_hal_uart.o(i.HAL_UART_Init)
    HAL_UART_MspInit                         0x08003f21   Thumb Code   116  usart.o(i.HAL_UART_MspInit)
    HAL_UART_Receive_IT                      0x08003fa1   Thumb Code    28  stm32f1xx_hal_uart.o(i.HAL_UART_Receive_IT)
    HAL_UART_RxCpltCallback                  0x08003fbd   Thumb Code    40  main.o(i.HAL_UART_RxCpltCallback)
    HAL_UART_Transmit                        0x08003ff5   Thumb Code   160  stm32f1xx_hal_uart.o(i.HAL_UART_Transmit)
    HAL_UART_TxCpltCallback                  0x08004095   Thumb Code     2  stm32f1xx_hal_uart.o(i.HAL_UART_TxCpltCallback)
    HardFault_Handler                        0x08004097   Thumb Code     2  stm32f1xx_it.o(i.HardFault_Handler)
    MPU_Get_Gyro_Z                           0x080044d9   Thumb Code    58  freertos.o(i.MPU_Get_Gyro_Z)
    MPU_Init                                 0x08004519   Thumb Code    32  freertos.o(i.MPU_Init)
    MX_FREERTOS_Init                         0x0800453d   Thumb Code    96  freertos.o(i.MX_FREERTOS_Init)
    MX_GPIO_Init                             0x080045a5   Thumb Code   274  gpio.o(i.MX_GPIO_Init)
    MX_I2C1_Init                             0x080046d1   Thumb Code    50  i2c.o(i.MX_I2C1_Init)
    MX_TIM2_Init                             0x08004711   Thumb Code    96  tim.o(i.MX_TIM2_Init)
    MX_TIM4_Init                             0x08004775   Thumb Code   144  tim.o(i.MX_TIM4_Init)
    MX_TIM6_Init                             0x0800480d   Thumb Code    58  tim.o(i.MX_TIM6_Init)
    MX_USART3_UART_Init                      0x08004851   Thumb Code    48  usart.o(i.MX_USART3_UART_Init)
    MemManage_Handler                        0x08004889   Thumb Code     2  stm32f1xx_it.o(i.MemManage_Handler)
    NMI_Handler                              0x0800488b   Thumb Code     2  stm32f1xx_it.o(i.NMI_Handler)
    Servo_Turn                               0x0800488d   Thumb Code    38  freertos.o(i.Servo_Turn)
    StartComTask                             0x080048b9   Thumb Code   534  freertos.o(i.StartComTask)
    StartLogicTask                           0x08004b45   Thumb Code   952  freertos.o(i.StartLogicTask)
    StartMotorTask                           0x08004f8d   Thumb Code     8  freertos.o(i.StartMotorTask)
    SysTick_Handler                          0x08004f95   Thumb Code    38  port.o(i.SysTick_Handler)
    SystemClock_Config                       0x08004fc1   Thumb Code    94  main.o(i.SystemClock_Config)
    SystemInit                               0x0800501f   Thumb Code     2  system_stm32f1xx.o(i.SystemInit)
    TIM6_IRQHandler                          0x08005021   Thumb Code     6  stm32f1xx_it.o(i.TIM6_IRQHandler)
    TIM7_IRQHandler                          0x0800502d   Thumb Code     6  stm32f1xx_it.o(i.TIM7_IRQHandler)
    TIM_Base_SetConfig                       0x08005039   Thumb Code   134  stm32f1xx_hal_tim.o(i.TIM_Base_SetConfig)
    TIM_CCxChannelCmd                        0x080050d5   Thumb Code    26  stm32f1xx_hal_tim.o(i.TIM_CCxChannelCmd)
    TIM_ETR_SetConfig                        0x080050ef   Thumb Code    20  stm32f1xx_hal_tim.o(i.TIM_ETR_SetConfig)
    TIM_OC2_SetConfig                        0x08005175   Thumb Code    98  stm32f1xx_hal_tim.o(i.TIM_OC2_SetConfig)
    UART_Start_Receive_IT                    0x080054b9   Thumb Code    54  stm32f1xx_hal_uart.o(i.UART_Start_Receive_IT)
    USART3_IRQHandler                        0x08005561   Thumb Code     6  stm32f1xx_it.o(i.USART3_IRQHandler)
    UsageFault_Handler                       0x0800556d   Thumb Code     2  stm32f1xx_it.o(i.UsageFault_Handler)
    __ARM_fpclassify                         0x0800556f   Thumb Code    40  fpclassify.o(i.__ARM_fpclassify)
    __mathlib_dbl_overflow                   0x080055b7   Thumb Code    14  dunder.o(i.__mathlib_dbl_overflow)
    __mathlib_dbl_underflow                  0x080055c5   Thumb Code    10  dunder.o(i.__mathlib_dbl_underflow)
    __mathlib_narrow                         0x080055d5   Thumb Code    16  narrow.o(i.__mathlib_narrow)
    __mathlib_tofloat                        0x080055e5   Thumb Code   132  narrow.o(i.__mathlib_tofloat)
    __support_ldexp                          0x0800566d   Thumb Code    22  ldexp.o(i.__support_ldexp)
    _is_digit                                0x08005683   Thumb Code    14  __printf_wp.o(i._is_digit)
    atof                                     0x08005691   Thumb Code    42  atof.o(i.atof)
    delay_us                                 0x080056bd   Thumb Code    18  main.o(i.delay_us)
    frexp                                    0x080056d5   Thumb Code    80  frexp.o(i.frexp)
    ldexp                                    0x08005739   Thumb Code   116  ldexp.o(i.ldexp)
    main                                     0x080057ad   Thumb Code   246  main.o(i.main)
    osDelay                                  0x080058dd   Thumb Code    14  cmsis_os.o(i.osDelay)
    osKernelStart                            0x080058eb   Thumb Code    10  cmsis_os.o(i.osKernelStart)
    osMessageCreate                          0x080058f5   Thumb Code    38  cmsis_os.o(i.osMessageCreate)
    osMessageGet                             0x0800591d   Thumb Code   144  cmsis_os.o(i.osMessageGet)
    osMessagePut                             0x080059b1   Thumb Code    86  cmsis_os.o(i.osMessagePut)
    osThreadCreate                           0x08005a0d   Thumb Code    84  cmsis_os.o(i.osThreadCreate)
    pvPortMalloc                             0x08005ee1   Thumb Code   216  heap_4.o(i.pvPortMalloc)
    pxPortInitialiseStack                    0x08005fbd   Thumb Code    32  port.o(i.pxPortInitialiseStack)
    uxListRemove                             0x08005fe1   Thumb Code    38  list.o(i.uxListRemove)
    vApplicationGetIdleTaskMemory            0x08006009   Thumb Code    16  freertos.o(i.vApplicationGetIdleTaskMemory)
    vListInitialise                          0x0800601d   Thumb Code    22  list.o(i.vListInitialise)
    vListInitialiseItem                      0x08006033   Thumb Code     6  list.o(i.vListInitialiseItem)
    vListInsert                              0x08006039   Thumb Code    48  list.o(i.vListInsert)
    vListInsertEnd                           0x08006069   Thumb Code    24  list.o(i.vListInsertEnd)
    vPortEnterCritical                       0x08006081   Thumb Code    54  port.o(i.vPortEnterCritical)
    vPortExitCritical                        0x080060c1   Thumb Code    34  port.o(i.vPortExitCritical)
    vPortFree                                0x080060e9   Thumb Code    94  heap_4.o(i.vPortFree)
    vPortSetupTimerInterrupt                 0x0800614d   Thumb Code    32  port.o(i.vPortSetupTimerInterrupt)
    vPortValidateInterruptPriority           0x08006171   Thumb Code    74  port.o(i.vPortValidateInterruptPriority)
    vTaskDelay                               0x080061c5   Thumb Code    66  tasks.o(i.vTaskDelay)
    vTaskInternalSetTimeOutState             0x08006211   Thumb Code    12  tasks.o(i.vTaskInternalSetTimeOutState)
    vTaskMissedYield                         0x08006221   Thumb Code     8  tasks.o(i.vTaskMissedYield)
    vTaskPlaceOnEventList                    0x0800622d   Thumb Code    44  tasks.o(i.vTaskPlaceOnEventList)
    vTaskStartScheduler                      0x0800625d   Thumb Code    90  tasks.o(i.vTaskStartScheduler)
    vTaskSuspendAll                          0x080062c9   Thumb Code    10  tasks.o(i.vTaskSuspendAll)
    vTaskSwitchContext                       0x080062d9   Thumb Code    82  tasks.o(i.vTaskSwitchContext)
    xPortStartScheduler                      0x08006335   Thumb Code   154  port.o(i.xPortStartScheduler)
    xQueueGenericCreate                      0x080063dd   Thumb Code    66  queue.o(i.xQueueGenericCreate)
    xQueueGenericCreateStatic                0x0800641f   Thumb Code   102  queue.o(i.xQueueGenericCreateStatic)
    xQueueGenericReset                       0x08006485   Thumb Code   132  queue.o(i.xQueueGenericReset)
    xQueueGenericSend                        0x0800650d   Thumb Code   346  queue.o(i.xQueueGenericSend)
    xQueueGenericSendFromISR                 0x0800666d   Thumb Code   190  queue.o(i.xQueueGenericSendFromISR)
    xQueueReceive                            0x0800672d   Thumb Code   308  queue.o(i.xQueueReceive)
    xQueueReceiveFromISR                     0x08006865   Thumb Code   154  queue.o(i.xQueueReceiveFromISR)
    xTaskCheckForTimeOut                     0x08006901   Thumb Code   112  tasks.o(i.xTaskCheckForTimeOut)
    xTaskCreate                              0x08006975   Thumb Code    90  tasks.o(i.xTaskCreate)
    xTaskCreateStatic                        0x080069cf   Thumb Code    86  tasks.o(i.xTaskCreateStatic)
    xTaskGetSchedulerState                   0x08006a25   Thumb Code    22  tasks.o(i.xTaskGetSchedulerState)
    xTaskIncrementTick                       0x08006a41   Thumb Code   194  tasks.o(i.xTaskIncrementTick)
    xTaskPriorityDisinherit                  0x08006b0d   Thumb Code   144  tasks.o(i.xTaskPriorityDisinherit)
    xTaskRemoveFromEventList                 0x08006ba5   Thumb Code   108  tasks.o(i.xTaskRemoveFromEventList)
    xTaskResumeAll                           0x08006c19   Thumb Code   182  tasks.o(i.xTaskResumeAll)
    _get_lc_numeric                          0x08006cdd   Thumb Code    44  lc_numeric_c.o(locale$$code)
    _get_lc_ctype                            0x08006d09   Thumb Code    44  lc_ctype_c.o(locale$$code)
    __aeabi_d2f                              0x08006d35   Thumb Code     0  d2f.o(x$fpl$d2f)
    _d2f                                     0x08006d35   Thumb Code    98  d2f.o(x$fpl$d2f)
    __fpl_dcheck_NaN1                        0x08006d99   Thumb Code    10  dcheck1.o(x$fpl$dcheck1)
    __fpl_dcmp_Inf                           0x08006da9   Thumb Code    24  dcmpi.o(x$fpl$dcmpinf)
    __aeabi_cdcmpeq                          0x08006dc1   Thumb Code     0  deqf.o(x$fpl$deqf)
    _dcmpeq                                  0x08006dc1   Thumb Code   120  deqf.o(x$fpl$deqf)
    __aeabi_cdcmple                          0x08006e39   Thumb Code     0  dleqf.o(x$fpl$dleqf)
    _dcmple                                  0x08006e39   Thumb Code   120  dleqf.o(x$fpl$dleqf)
    __fpl_dcmple_InfNaN                      0x08006e9b   Thumb Code     0  dleqf.o(x$fpl$dleqf)
    __fpl_dnaninf                            0x08006eb1   Thumb Code   156  dnaninf.o(x$fpl$dnaninf)
    __fpl_dretinf                            0x08006f4d   Thumb Code    12  dretinf.o(x$fpl$dretinf)
    __aeabi_cdrcmple                         0x08006f59   Thumb Code     0  drleqf.o(x$fpl$drleqf)
    _drcmple                                 0x08006f59   Thumb Code   108  drleqf.o(x$fpl$drleqf)
    __aeabi_f2d                              0x08006fc5   Thumb Code     0  f2d.o(x$fpl$f2d)
    _f2d                                     0x08006fc5   Thumb Code    86  f2d.o(x$fpl$f2d)
    __aeabi_fadd                             0x0800701d   Thumb Code     0  faddsub_clz.o(x$fpl$fadd)
    _fadd                                    0x0800701d   Thumb Code   196  faddsub_clz.o(x$fpl$fadd)
    __fpl_fcmp_Inf                           0x080070e1   Thumb Code    24  fcmpi.o(x$fpl$fcmpinf)
    __aeabi_fdiv                             0x080070f9   Thumb Code     0  fdiv.o(x$fpl$fdiv)
    _fdiv                                    0x080070f9   Thumb Code   384  fdiv.o(x$fpl$fdiv)
    __aeabi_f2iz                             0x0800727d   Thumb Code     0  ffix.o(x$fpl$ffix)
    _ffix                                    0x0800727d   Thumb Code    54  ffix.o(x$fpl$ffix)
    __aeabi_i2f                              0x080072b5   Thumb Code     0  fflt_clz.o(x$fpl$fflt)
    _fflt                                    0x080072b5   Thumb Code    48  fflt_clz.o(x$fpl$fflt)
    __aeabi_ui2f                             0x080072e5   Thumb Code     0  fflt_clz.o(x$fpl$ffltu)
    _ffltu                                   0x080072e5   Thumb Code    38  fflt_clz.o(x$fpl$ffltu)
    __aeabi_cfcmple                          0x0800730d   Thumb Code     0  fleqf.o(x$fpl$fleqf)
    _fcmple                                  0x0800730d   Thumb Code   104  fleqf.o(x$fpl$fleqf)
    __fpl_fcmple_InfNaN                      0x0800735f   Thumb Code     0  fleqf.o(x$fpl$fleqf)
    __aeabi_fmul                             0x08007375   Thumb Code     0  fmul.o(x$fpl$fmul)
    _fmul                                    0x08007375   Thumb Code   258  fmul.o(x$fpl$fmul)
    __fpl_fnaninf                            0x08007477   Thumb Code   140  fnaninf.o(x$fpl$fnaninf)
    __fpl_fretinf                            0x08007503   Thumb Code    10  fretinf.o(x$fpl$fretinf)
    __aeabi_cfrcmple                         0x0800750d   Thumb Code     0  frleqf.o(x$fpl$frleqf)
    _frcmple                                 0x0800750d   Thumb Code    98  frleqf.o(x$fpl$frleqf)
    __aeabi_fsub                             0x08007571   Thumb Code     0  faddsub_clz.o(x$fpl$fsub)
    _fsub                                    0x08007571   Thumb Code   234  faddsub_clz.o(x$fpl$fsub)
    _printf_fp_dec                           0x0800765b   Thumb Code     4  printf1.o(x$fpl$printf1)
    __fpl_return_NaN                         0x0800765f   Thumb Code   100  retnan.o(x$fpl$retnan)
    __ARM_scalbn                             0x080076c3   Thumb Code    92  scalbn.o(x$fpl$scalbn)
    _scanf_real                              0x0800771f   Thumb Code     4  scanf1.o(x$fpl$scanf1)
    _scanf_hex_real                          0x08007723   Thumb Code     4  scanf2.o(x$fpl$scanf2)
    _scanf_infnan                            0x08007727   Thumb Code     4  scanf2.o(x$fpl$scanf2)
    __fpl_cmpreturn                          0x0800772b   Thumb Code    48  trapv.o(x$fpl$trapveneer)
    __I$use$fp                               0x0800775a   Number         0  usenofp.o(x$fpl$usenofp)
    AHBPrescTable                            0x080077d2   Data          16  system_stm32f1xx.o(.constdata)
    APBPrescTable                            0x080077e2   Data           8  system_stm32f1xx.o(.constdata)
    Region$$Table$$Base                      0x080078a4   Number         0  anon$$obj.o(Region$$Table)
    Region$$Table$$Limit                     0x080078c4   Number         0  anon$$obj.o(Region$$Table)
    __aeabi_HUGE_VAL                         0x080078c4   Data           0  fpconst.o(c$$dinf)
    __aeabi_HUGE_VALL                        0x080078c4   Data           0  fpconst.o(c$$dinf)
    __aeabi_INFINITY                         0x080078c4   Data           0  fpconst.o(c$$dinf)
    __dInf                                   0x080078c4   Data           0  fpconst.o(c$$dinf)
    __huge_val                               0x080078c4   Data           0  fpconst.o(c$$dinf)
    __ctype                                  0x080078f5   Data           0  lc_ctype_c.o(locale$$data)
    rx_data                                  0x20000000   Data           1  main.o(.data)
    pwm_count                                0x20000004   Data           4  main.o(.data)
    speed_left                               0x20000008   Data           4  main.o(.data)
    speed_right                              0x2000000c   Data           4  main.o(.data)
    car_mode                                 0x20000010   Data           4  freertos.o(.data)
    global_gyro_offset                       0x20000014   Data           4  freertos.o(.data)
    Kp_Track                                 0x20000018   Data           4  freertos.o(.data)
    Kd_Track                                 0x2000001c   Data           4  freertos.o(.data)
    base_speed                               0x20000020   Data           4  freertos.o(.data)
    Task_MotorHandle                         0x2000002c   Data           4  freertos.o(.data)
    Task_LogicHandle                         0x20000030   Data           4  freertos.o(.data)
    Task_ComHandle                           0x20000034   Data           4  freertos.o(.data)
    BluetoothQueueHandle                     0x20000038   Data           4  freertos.o(.data)
    uwTickFreq                               0x2000003c   Data           1  stm32f1xx_hal.o(.data)
    uwTickPrio                               0x20000040   Data           4  stm32f1xx_hal.o(.data)
    uwTick                                   0x20000044   Data           4  stm32f1xx_hal.o(.data)
    SystemCoreClock                          0x20000048   Data           4  system_stm32f1xx.o(.data)
    pxCurrentTCB                             0x2000004c   Data           4  tasks.o(.data)
    hi2c1                                    0x2000031c   Data          84  i2c.o(.bss)
    htim2                                    0x20000370   Data          72  tim.o(.bss)
    htim4                                    0x200003b8   Data          72  tim.o(.bss)
    htim6                                    0x20000400   Data          72  tim.o(.bss)
    huart3                                   0x20000448   Data          72  usart.o(.bss)
    htim7                                    0x20000490   Data          72  stm32f1xx_hal_timebase_tim.o(.bss)
    __libspace_start                         0x200055c8   Data          96  libspace.o(.bss)
    __temporary_stack_top$libspace           0x20005628   Data           0  libspace.o(.bss)



==============================================================================

Memory Map of the image

  Image Entry point : 0x08000131

  Load Region LR_IROM1 (Base: 0x08000000, Size: 0x00007aac, Max: 0x00080000, ABSOLUTE)

    Execution Region ER_IROM1 (Base: 0x08000000, Size: 0x000079f8, Max: 0x00080000, ABSOLUTE)

    Base Addr    Size         Type   Attr      Idx    E Section Name        Object

    0x08000000   0x00000130   Data   RO            3    RESET               startup_stm32f103xe.o
    0x08000130   0x00000008   Code   RO         4798  * !!!main             c_w.l(__main.o)
    0x08000138   0x00000034   Code   RO         5166    !!!scatter          c_w.l(__scatter.o)
    0x0800016c   0x0000001a   Code   RO         5168    !!handler_copy      c_w.l(__scatter_copy.o)
    0x08000186   0x00000002   PAD
    0x08000188   0x0000001c   Code   RO         5170    !!handler_zi        c_w.l(__scatter_zi.o)
    0x080001a4   0x00000000   Code   RO         4783    .ARM.Collect$$_printf_percent$$00000000  c_w.l(_printf_percent.o)
    0x080001a4   0x00000006   Code   RO         4782    .ARM.Collect$$_printf_percent$$00000003  c_w.l(_printf_f.o)
    0x080001aa   0x00000006   Code   RO         4781    .ARM.Collect$$_printf_percent$$00000009  c_w.l(_printf_d.o)
    0x080001b0   0x00000004   Code   RO         4852    .ARM.Collect$$_printf_percent$$00000017  c_w.l(_printf_percent_end.o)
    0x080001b4   0x00000002   Code   RO         4959    .ARM.Collect$$libinit$$00000000  c_w.l(libinit.o)
    0x080001b6   0x00000000   Code   RO         4961    .ARM.Collect$$libinit$$00000002  c_w.l(libinit2.o)
    0x080001b6   0x00000000   Code   RO         4963    .ARM.Collect$$libinit$$00000004  c_w.l(libinit2.o)
    0x080001b6   0x00000000   Code   RO         4966    .ARM.Collect$$libinit$$0000000A  c_w.l(libinit2.o)
    0x080001b6   0x00000000   Code   RO         4968    .ARM.Collect$$libinit$$0000000C  c_w.l(libinit2.o)
    0x080001b6   0x00000000   Code   RO         4970    .ARM.Collect$$libinit$$0000000E  c_w.l(libinit2.o)
    0x080001b6   0x00000006   Code   RO         4971    .ARM.Collect$$libinit$$0000000F  c_w.l(libinit2.o)
    0x080001bc   0x00000000   Code   RO         4973    .ARM.Collect$$libinit$$00000011  c_w.l(libinit2.o)
    0x080001bc   0x0000000c   Code   RO         4974    .ARM.Collect$$libinit$$00000012  c_w.l(libinit2.o)
    0x080001c8   0x00000000   Code   RO         4975    .ARM.Collect$$libinit$$00000013  c_w.l(libinit2.o)
    0x080001c8   0x00000000   Code   RO         4977    .ARM.Collect$$libinit$$00000015  c_w.l(libinit2.o)
    0x080001c8   0x0000000a   Code   RO         4978    .ARM.Collect$$libinit$$00000016  c_w.l(libinit2.o)
    0x080001d2   0x00000000   Code   RO         4979    .ARM.Collect$$libinit$$00000017  c_w.l(libinit2.o)
    0x080001d2   0x00000000   Code   RO         4981    .ARM.Collect$$libinit$$00000019  c_w.l(libinit2.o)
    0x080001d2   0x00000000   Code   RO         4983    .ARM.Collect$$libinit$$0000001B  c_w.l(libinit2.o)
    0x080001d2   0x00000000   Code   RO         4985    .ARM.Collect$$libinit$$0000001D  c_w.l(libinit2.o)
    0x080001d2   0x00000000   Code   RO         4987    .ARM.Collect$$libinit$$0000001F  c_w.l(libinit2.o)
    0x080001d2   0x00000000   Code   RO         4989    .ARM.Collect$$libinit$$00000021  c_w.l(libinit2.o)
    0x080001d2   0x00000000   Code   RO         4991    .ARM.Collect$$libinit$$00000023  c_w.l(libinit2.o)
    0x080001d2   0x00000000   Code   RO         4993    .ARM.Collect$$libinit$$00000025  c_w.l(libinit2.o)
    0x080001d2   0x00000000   Code   RO         4997    .ARM.Collect$$libinit$$0000002C  c_w.l(libinit2.o)
    0x080001d2   0x00000000   Code   RO         4999    .ARM.Collect$$libinit$$0000002E  c_w.l(libinit2.o)
    0x080001d2   0x00000000   Code   RO         5001    .ARM.Collect$$libinit$$00000030  c_w.l(libinit2.o)
    0x080001d2   0x00000000   Code   RO         5003    .ARM.Collect$$libinit$$00000032  c_w.l(libinit2.o)
    0x080001d2   0x00000002   Code   RO         5004    .ARM.Collect$$libinit$$00000033  c_w.l(libinit2.o)
    0x080001d4   0x00000002   Code   RO         5063    .ARM.Collect$$libshutdown$$00000000  c_w.l(libshutdown.o)
    0x080001d6   0x00000000   Code   RO         5092    .ARM.Collect$$libshutdown$$00000002  c_w.l(libshutdown2.o)
    0x080001d6   0x00000000   Code   RO         5094    .ARM.Collect$$libshutdown$$00000004  c_w.l(libshutdown2.o)
    0x080001d6   0x00000000   Code   RO         5097    .ARM.Collect$$libshutdown$$00000007  c_w.l(libshutdown2.o)
    0x080001d6   0x00000000   Code   RO         5100    .ARM.Collect$$libshutdown$$0000000A  c_w.l(libshutdown2.o)
    0x080001d6   0x00000000   Code   RO         5102    .ARM.Collect$$libshutdown$$0000000C  c_w.l(libshutdown2.o)
    0x080001d6   0x00000000   Code   RO         5105    .ARM.Collect$$libshutdown$$0000000F  c_w.l(libshutdown2.o)
    0x080001d6   0x00000002   Code   RO         5106    .ARM.Collect$$libshutdown$$00000010  c_w.l(libshutdown2.o)
    0x080001d8   0x00000000   Code   RO         4836    .ARM.Collect$$rtentry$$00000000  c_w.l(__rtentry.o)
    0x080001d8   0x00000000   Code   RO         4874    .ARM.Collect$$rtentry$$00000002  c_w.l(__rtentry2.o)
    0x080001d8   0x00000006   Code   RO         4886    .ARM.Collect$$rtentry$$00000004  c_w.l(__rtentry4.o)
    0x080001de   0x00000000   Code   RO         4876    .ARM.Collect$$rtentry$$00000009  c_w.l(__rtentry2.o)
    0x080001de   0x00000004   Code   RO         4877    .ARM.Collect$$rtentry$$0000000A  c_w.l(__rtentry2.o)
    0x080001e2   0x00000000   Code   RO         4879    .ARM.Collect$$rtentry$$0000000C  c_w.l(__rtentry2.o)
    0x080001e2   0x00000008   Code   RO         4880    .ARM.Collect$$rtentry$$0000000D  c_w.l(__rtentry2.o)
    0x080001ea   0x00000002   Code   RO         5005    .ARM.Collect$$rtexit$$00000000  c_w.l(rtexit.o)
    0x080001ec   0x00000000   Code   RO         5027    .ARM.Collect$$rtexit$$00000002  c_w.l(rtexit2.o)
    0x080001ec   0x00000004   Code   RO         5028    .ARM.Collect$$rtexit$$00000003  c_w.l(rtexit2.o)
    0x080001f0   0x00000006   Code   RO         5029    .ARM.Collect$$rtexit$$00000004  c_w.l(rtexit2.o)
    0x080001f6   0x00000002   PAD
    0x080001f8   0x00000096   Code   RO         4672    .emb_text           port.o
    0x0800028e   0x00000002   PAD
    0x08000290   0x00000040   Code   RO            4    .text               startup_stm32f103xe.o
    0x080002d0   0x00000028   Code   RO         4755    .text               c_w.l(noretval__2sprintf.o)
    0x080002f8   0x00000078   Code   RO         4759    .text               c_w.l(_printf_dec.o)
    0x08000370   0x0000010e   Code   RO         4769    .text               c_w.l(__printf_wp.o)
    0x0800047e   0x0000001a   Code   RO         4784    .text               c_w.l(atoi.o)
    0x08000498   0x0000003e   Code   RO         4786    .text               c_w.l(strlen.o)
    0x080004d6   0x0000008a   Code   RO         4788    .text               c_w.l(rt_memcpy_v6.o)
    0x08000560   0x00000064   Code   RO         4790    .text               c_w.l(rt_memcpy_w.o)
    0x080005c4   0x0000004e   Code   RO         4794    .text               c_w.l(rt_memclr_w.o)
    0x08000612   0x00000006   Code   RO         4796    .text               c_w.l(heapauxi.o)
    0x08000618   0x00000008   Code   RO         4840    .text               c_w.l(rt_errno_addr_intlibspace.o)
    0x08000620   0x00000016   Code   RO         4842    .text               c_w.l(_rserrno.o)
    0x08000636   0x000000b2   Code   RO         4844    .text               c_w.l(_printf_intcommon.o)
    0x080006e8   0x0000041a   Code   RO         4846    .text               c_w.l(_printf_fp_dec.o)
    0x08000b02   0x00000002   PAD
    0x08000b04   0x00000030   Code   RO         4848    .text               c_w.l(_printf_char_common.o)
    0x08000b34   0x0000000a   Code   RO         4850    .text               c_w.l(_sputc.o)
    0x08000b3e   0x00000002   PAD
    0x08000b40   0x000000a4   Code   RO         4853    .text               c_w.l(strtod.o)
    0x08000be4   0x00000070   Code   RO         4855    .text               c_w.l(strtol.o)
    0x08000c54   0x00000008   Code   RO         4870    .text               c_w.l(libspace.o)
    0x08000c5c   0x00000010   Code   RO         4888    .text               c_w.l(rt_ctype_table.o)
    0x08000c6c   0x00000008   Code   RO         4893    .text               c_w.l(rt_locale_intlibspace.o)
    0x08000c74   0x0000008a   Code   RO         4895    .text               c_w.l(lludiv10.o)
    0x08000cfe   0x00000012   Code   RO         4897    .text               c_w.l(isspace.o)
    0x08000d10   0x00000080   Code   RO         4899    .text               c_w.l(_printf_fp_infnan.o)
    0x08000d90   0x00000040   Code   RO         4903    .text               c_w.l(_sgetc.o)
    0x08000dd0   0x0000009e   Code   RO         4905    .text               c_w.l(_strtoul.o)
    0x08000e6e   0x00000002   PAD
    0x08000e70   0x000000dc   Code   RO         4907    .text               c_w.l(bigflt0.o)
    0x08000f4c   0x0000004a   Code   RO         4941    .text               c_w.l(sys_stackheap_outer.o)
    0x08000f96   0x0000001c   Code   RO         4943    .text               c_w.l(_chval.o)
    0x08000fb2   0x00000002   PAD
    0x08000fb4   0x000004a4   Code   RO         4945    .text               c_w.l(scanf_fp.o)
    0x08001458   0x00000012   Code   RO         4950    .text               c_w.l(exit.o)
    0x0800146a   0x00000002   PAD
    0x0800146c   0x00000080   Code   RO         4952    .text               c_w.l(strcmpv7m.o)
    0x080014ec   0x00000320   Code   RO         5033    .text               c_w.l(scanf_hexfp.o)
    0x0800180c   0x00000134   Code   RO         5035    .text               c_w.l(scanf_infnan.o)
    0x08001940   0x0000000c   Code   RO         5051    .text               c_w.l(sys_exit.o)
    0x0800194c   0x00000026   Code   RO         5055    .text               c_w.l(llshl.o)
    0x08001972   0x00000002   Code   RO         5082    .text               c_w.l(use_no_semi.o)
    0x08001974   0x00000000   Code   RO         5084    .text               c_w.l(indicate_semi.o)
    0x08001974   0x0000003e   Code   RO         4910    CL$$btod_d2e        c_w.l(btod.o)
    0x080019b2   0x00000046   Code   RO         4912    CL$$btod_d2e_denorm_low  c_w.l(btod.o)
    0x080019f8   0x00000060   Code   RO         4911    CL$$btod_d2e_norm_op1  c_w.l(btod.o)
    0x08001a58   0x00000338   Code   RO         4920    CL$$btod_div_common  c_w.l(btod.o)
    0x08001d90   0x00000054   Code   RO         4918    CL$$btod_e2d        c_w.l(btod.o)
    0x08001de4   0x000000c6   Code   RO         4917    CL$$btod_e2e        c_w.l(btod.o)
    0x08001eaa   0x00000028   Code   RO         4914    CL$$btod_ediv       c_w.l(btod.o)
    0x08001ed2   0x00000028   Code   RO         4916    CL$$btod_edivd      c_w.l(btod.o)
    0x08001efa   0x00000028   Code   RO         4913    CL$$btod_emul       c_w.l(btod.o)
    0x08001f22   0x00000028   Code   RO         4915    CL$$btod_emuld      c_w.l(btod.o)
    0x08001f4a   0x00000244   Code   RO         4919    CL$$btod_mult_common  c_w.l(btod.o)
    0x0800218e   0x00000002   PAD
    0x08002190   0x00000174   Code   RO          247    i.Auto_Turn         freertos.o
    0x08002304   0x00000002   Code   RO          492    i.BusFault_Handler  stm32f1xx_it.o
    0x08002306   0x00000002   Code   RO          493    i.DebugMon_Handler  stm32f1xx_it.o
    0x08002308   0x00000004   Code   RO           13    i.Error_Handler     main.o
    0x0800230c   0x0000008c   Code   RO           14    i.Get_Distance      main.o
    0x08002398   0x00000060   Code   RO          248    i.Get_Tracking_Error  freertos.o
    0x080023f8   0x00000046   Code   RO         2021    i.HAL_DMA_Abort     stm32f1xx_hal_dma.o
    0x0800243e   0x00000002   PAD
    0x08002440   0x00000130   Code   RO         2022    i.HAL_DMA_Abort_IT  stm32f1xx_hal_dma.o
    0x08002570   0x00000024   Code   RO         1647    i.HAL_Delay         stm32f1xx_hal.o
    0x08002594   0x0000013c   Code   RO         1954    i.HAL_GPIO_DeInit   stm32f1xx_hal_gpio.o
    0x080026d0   0x000001f8   Code   RO         1957    i.HAL_GPIO_Init     stm32f1xx_hal_gpio.o
    0x080028c8   0x0000000a   Code   RO         1959    i.HAL_GPIO_ReadPin  stm32f1xx_hal_gpio.o
    0x080028d2   0x0000000a   Code   RO         1961    i.HAL_GPIO_WritePin  stm32f1xx_hal_gpio.o
    0x080028dc   0x0000000c   Code   RO         1651    i.HAL_GetTick       stm32f1xx_hal.o
    0x080028e8   0x00000032   Code   RO         2619    i.HAL_I2C_DeInit    stm32f1xx_hal_i2c.o
    0x0800291a   0x00000002   PAD
    0x0800291c   0x00000188   Code   RO         2628    i.HAL_I2C_Init      stm32f1xx_hal_i2c.o
    0x08002aa4   0x0000025c   Code   RO         2646    i.HAL_I2C_Mem_Read  stm32f1xx_hal_i2c.o
    0x08002d00   0x00000130   Code   RO         2649    i.HAL_I2C_Mem_Write  stm32f1xx_hal_i2c.o
    0x08002e30   0x00000038   Code   RO          348    i.HAL_I2C_MspDeInit  i2c.o
    0x08002e68   0x0000005c   Code   RO          349    i.HAL_I2C_MspInit   i2c.o
    0x08002ec4   0x00000010   Code   RO         1657    i.HAL_IncTick       stm32f1xx_hal.o
    0x08002ed4   0x00000024   Code   RO         1658    i.HAL_Init          stm32f1xx_hal.o
    0x08002ef8   0x00000098   Code   RO          592    i.HAL_InitTick      stm32f1xx_hal_timebase_tim.o
    0x08002f90   0x00000048   Code   RO          568    i.HAL_MspInit       stm32f1xx_hal_msp.o
    0x08002fd8   0x0000001a   Code   RO         2117    i.HAL_NVIC_EnableIRQ  stm32f1xx_hal_cortex.o
    0x08002ff2   0x00000002   PAD
    0x08002ff4   0x00000040   Code   RO         2123    i.HAL_NVIC_SetPriority  stm32f1xx_hal_cortex.o
    0x08003034   0x00000024   Code   RO         2124    i.HAL_NVIC_SetPriorityGrouping  stm32f1xx_hal_cortex.o
    0x08003058   0x0000012c   Code   RO         1815    i.HAL_RCC_ClockConfig  stm32f1xx_hal_rcc.o
    0x08003184   0x00000040   Code   RO         1819    i.HAL_RCC_GetClockConfig  stm32f1xx_hal_rcc.o
    0x080031c4   0x00000020   Code   RO         1822    i.HAL_RCC_GetPCLK1Freq  stm32f1xx_hal_rcc.o
    0x080031e4   0x00000020   Code   RO         1823    i.HAL_RCC_GetPCLK2Freq  stm32f1xx_hal_rcc.o
    0x08003204   0x0000004c   Code   RO         1824    i.HAL_RCC_GetSysClockFreq  stm32f1xx_hal_rcc.o
    0x08003250   0x00000320   Code   RO         1827    i.HAL_RCC_OscConfig  stm32f1xx_hal_rcc.o
    0x08003570   0x00000002   Code   RO         1373    i.HAL_TIMEx_BreakCallback  stm32f1xx_hal_tim_ex.o
    0x08003572   0x00000002   Code   RO         1374    i.HAL_TIMEx_CommutCallback  stm32f1xx_hal_tim_ex.o
    0x08003574   0x0000007c   Code   RO         1392    i.HAL_TIMEx_MasterConfigSynchronization  stm32f1xx_hal_tim_ex.o
    0x080035f0   0x0000005a   Code   RO          669    i.HAL_TIM_Base_Init  stm32f1xx_hal_tim.o
    0x0800364a   0x00000002   PAD
    0x0800364c   0x0000006c   Code   RO          391    i.HAL_TIM_Base_MspInit  tim.o
    0x080036b8   0x00000064   Code   RO          672    i.HAL_TIM_Base_Start  stm32f1xx_hal_tim.o
    0x0800371c   0x0000006c   Code   RO          674    i.HAL_TIM_Base_Start_IT  stm32f1xx_hal_tim.o
    0x08003788   0x000000dc   Code   RO          678    i.HAL_TIM_ConfigClockSource  stm32f1xx_hal_tim.o
    0x08003864   0x00000002   Code   RO          703    i.HAL_TIM_IC_CaptureCallback  stm32f1xx_hal_tim.o
    0x08003866   0x00000130   Code   RO          717    i.HAL_TIM_IRQHandler  stm32f1xx_hal_tim.o
    0x08003996   0x00000002   PAD
    0x08003998   0x00000060   Code   RO          392    i.HAL_TIM_MspPostInit  tim.o
    0x080039f8   0x00000002   Code   RO          720    i.HAL_TIM_OC_DelayElapsedCallback  stm32f1xx_hal_tim.o
    0x080039fa   0x000000cc   Code   RO          741    i.HAL_TIM_PWM_ConfigChannel  stm32f1xx_hal_tim.o
    0x08003ac6   0x0000005a   Code   RO          744    i.HAL_TIM_PWM_Init  stm32f1xx_hal_tim.o
    0x08003b20   0x00000002   Code   RO          746    i.HAL_TIM_PWM_MspInit  stm32f1xx_hal_tim.o
    0x08003b22   0x00000002   Code   RO          747    i.HAL_TIM_PWM_PulseFinishedCallback  stm32f1xx_hal_tim.o
    0x08003b24   0x000000b4   Code   RO          749    i.HAL_TIM_PWM_Start  stm32f1xx_hal_tim.o
    0x08003bd8   0x00000070   Code   RO           15    i.HAL_TIM_PeriodElapsedCallback  main.o
    0x08003c48   0x00000002   Code   RO          760    i.HAL_TIM_TriggerCallback  stm32f1xx_hal_tim.o
    0x08003c4a   0x00000002   Code   RO         3066    i.HAL_UARTEx_RxEventCallback  stm32f1xx_hal_uart.o
    0x08003c4c   0x00000002   Code   RO         3080    i.HAL_UART_ErrorCallback  stm32f1xx_hal_uart.o
    0x08003c4e   0x00000002   PAD
    0x08003c50   0x0000026c   Code   RO         3083    i.HAL_UART_IRQHandler  stm32f1xx_hal_uart.o
    0x08003ebc   0x00000064   Code   RO         3084    i.HAL_UART_Init     stm32f1xx_hal_uart.o
    0x08003f20   0x00000080   Code   RO          451    i.HAL_UART_MspInit  usart.o
    0x08003fa0   0x0000001c   Code   RO         3089    i.HAL_UART_Receive_IT  stm32f1xx_hal_uart.o
    0x08003fbc   0x00000038   Code   RO           16    i.HAL_UART_RxCpltCallback  main.o
    0x08003ff4   0x000000a0   Code   RO         3092    i.HAL_UART_Transmit  stm32f1xx_hal_uart.o
    0x08004094   0x00000002   Code   RO         3095    i.HAL_UART_TxCpltCallback  stm32f1xx_hal_uart.o
    0x08004096   0x00000002   Code   RO          494    i.HardFault_Handler  stm32f1xx_it.o
    0x08004098   0x0000002e   Code   RO         2671    i.I2C_IsAcknowledgeFailed  stm32f1xx_hal_i2c.o
    0x080040c6   0x00000002   PAD
    0x080040c8   0x000000fc   Code   RO         2681    i.I2C_RequestMemoryRead  stm32f1xx_hal_i2c.o
    0x080041c4   0x000000a8   Code   RO         2682    i.I2C_RequestMemoryWrite  stm32f1xx_hal_i2c.o
    0x0800426c   0x00000056   Code   RO         2686    i.I2C_WaitOnBTFFlagUntilTimeout  stm32f1xx_hal_i2c.o
    0x080042c2   0x00000002   PAD
    0x080042c4   0x00000090   Code   RO         2687    i.I2C_WaitOnFlagUntilTimeout  stm32f1xx_hal_i2c.o
    0x08004354   0x000000bc   Code   RO         2688    i.I2C_WaitOnMasterAddressFlagUntilTimeout  stm32f1xx_hal_i2c.o
    0x08004410   0x00000070   Code   RO         2689    i.I2C_WaitOnRXNEFlagUntilTimeout  stm32f1xx_hal_i2c.o
    0x08004480   0x00000056   Code   RO         2690    i.I2C_WaitOnTXEFlagUntilTimeout  stm32f1xx_hal_i2c.o
    0x080044d6   0x00000002   PAD
    0x080044d8   0x00000040   Code   RO          249    i.MPU_Get_Gyro_Z    freertos.o
    0x08004518   0x00000024   Code   RO          250    i.MPU_Init          freertos.o
    0x0800453c   0x00000068   Code   RO          251    i.MX_FREERTOS_Init  freertos.o
    0x080045a4   0x0000012c   Code   RO          223    i.MX_GPIO_Init      gpio.o
    0x080046d0   0x00000040   Code   RO          350    i.MX_I2C1_Init      i2c.o
    0x08004710   0x00000064   Code   RO          393    i.MX_TIM2_Init      tim.o
    0x08004774   0x00000098   Code   RO          394    i.MX_TIM4_Init      tim.o
    0x0800480c   0x00000044   Code   RO          395    i.MX_TIM6_Init      tim.o
    0x08004850   0x00000038   Code   RO          452    i.MX_USART3_UART_Init  usart.o
    0x08004888   0x00000002   Code   RO          495    i.MemManage_Handler  stm32f1xx_it.o
    0x0800488a   0x00000002   Code   RO          496    i.NMI_Handler       stm32f1xx_it.o
    0x0800488c   0x0000002c   Code   RO          252    i.Servo_Turn        freertos.o
    0x080048b8   0x0000028c   Code   RO          253    i.StartComTask      freertos.o
    0x08004b44   0x00000448   Code   RO          254    i.StartLogicTask    freertos.o
    0x08004f8c   0x00000008   Code   RO          255    i.StartMotorTask    freertos.o
    0x08004f94   0x0000002c   Code   RO         4673    i.SysTick_Handler   port.o
    0x08004fc0   0x0000005e   Code   RO           17    i.SystemClock_Config  main.o
    0x0800501e   0x00000002   Code   RO         3418    i.SystemInit        system_stm32f1xx.o
    0x08005020   0x0000000c   Code   RO          497    i.TIM6_IRQHandler   stm32f1xx_it.o
    0x0800502c   0x0000000c   Code   RO          498    i.TIM7_IRQHandler   stm32f1xx_it.o
    0x08005038   0x0000009c   Code   RO          762    i.TIM_Base_SetConfig  stm32f1xx_hal_tim.o
    0x080050d4   0x0000001a   Code   RO          763    i.TIM_CCxChannelCmd  stm32f1xx_hal_tim.o
    0x080050ee   0x00000014   Code   RO          773    i.TIM_ETR_SetConfig  stm32f1xx_hal_tim.o
    0x08005102   0x00000010   Code   RO          774    i.TIM_ITRx_SetConfig  stm32f1xx_hal_tim.o
    0x08005112   0x00000002   PAD
    0x08005114   0x00000060   Code   RO          775    i.TIM_OC1_SetConfig  stm32f1xx_hal_tim.o
    0x08005174   0x0000006c   Code   RO          776    i.TIM_OC2_SetConfig  stm32f1xx_hal_tim.o
    0x080051e0   0x00000068   Code   RO          777    i.TIM_OC3_SetConfig  stm32f1xx_hal_tim.o
    0x08005248   0x00000050   Code   RO          778    i.TIM_OC4_SetConfig  stm32f1xx_hal_tim.o
    0x08005298   0x00000022   Code   RO          780    i.TIM_TI1_ConfigInputStage  stm32f1xx_hal_tim.o
    0x080052ba   0x00000024   Code   RO          782    i.TIM_TI2_ConfigInputStage  stm32f1xx_hal_tim.o
    0x080052de   0x00000010   Code   RO         3097    i.UART_DMAAbortOnError  stm32f1xx_hal_uart.o
    0x080052ee   0x0000004e   Code   RO         3107    i.UART_EndRxTransfer  stm32f1xx_hal_uart.o
    0x0800533c   0x000000c2   Code   RO         3109    i.UART_Receive_IT   stm32f1xx_hal_uart.o
    0x080053fe   0x00000002   PAD
    0x08005400   0x000000b8   Code   RO         3110    i.UART_SetConfig    stm32f1xx_hal_uart.o
    0x080054b8   0x00000036   Code   RO         3112    i.UART_Start_Receive_IT  stm32f1xx_hal_uart.o
    0x080054ee   0x00000072   Code   RO         3113    i.UART_WaitOnFlagUntilTimeout  stm32f1xx_hal_uart.o
    0x08005560   0x0000000c   Code   RO          499    i.USART3_IRQHandler  stm32f1xx_it.o
    0x0800556c   0x00000002   Code   RO          500    i.UsageFault_Handler  stm32f1xx_it.o
    0x0800556e   0x00000028   Code   RO         4939    i.__ARM_fpclassify  m_ws.l(fpclassify.o)
    0x08005596   0x00000020   Code   RO         2130    i.__NVIC_SetPriority  stm32f1xx_hal_cortex.o
    0x080055b6   0x0000000e   Code   RO         5113    i.__mathlib_dbl_overflow  m_ws.l(dunder.o)
    0x080055c4   0x00000010   Code   RO         5115    i.__mathlib_dbl_underflow  m_ws.l(dunder.o)
    0x080055d4   0x00000010   Code   RO         5020    i.__mathlib_narrow  m_ws.l(narrow.o)
    0x080055e4   0x00000088   Code   RO         5021    i.__mathlib_tofloat  m_ws.l(narrow.o)
    0x0800566c   0x00000016   Code   RO         5071    i.__support_ldexp   m_ws.l(ldexp.o)
    0x08005682   0x0000000e   Code   RO         4771    i._is_digit         c_w.l(__printf_wp.o)
    0x08005690   0x0000002a   Code   RO         4833    i.atof              m_ws.l(atof.o)
    0x080056ba   0x00000002   PAD
    0x080056bc   0x00000018   Code   RO           18    i.delay_us          main.o
    0x080056d4   0x00000058   Code   RO         5046    i.frexp             m_ws.l(frexp.o)
    0x0800572c   0x0000000c   Code   RO         4236    i.inHandlerMode     cmsis_os.o
    0x08005738   0x00000074   Code   RO         5072    i.ldexp             m_ws.l(ldexp.o)
    0x080057ac   0x00000124   Code   RO           19    i.main              main.o
    0x080058d0   0x0000000c   Code   RO         4238    i.makeFreeRtosPriority  cmsis_os.o
    0x080058dc   0x0000000e   Code   RO         4240    i.osDelay           cmsis_os.o
    0x080058ea   0x0000000a   Code   RO         4243    i.osKernelStart     cmsis_os.o
    0x080058f4   0x00000026   Code   RO         4252    i.osMessageCreate   cmsis_os.o
    0x0800591a   0x00000002   PAD
    0x0800591c   0x00000094   Code   RO         4254    i.osMessageGet      cmsis_os.o
    0x080059b0   0x0000005c   Code   RO         4256    i.osMessagePut      cmsis_os.o
    0x08005a0c   0x00000054   Code   RO         4277    i.osThreadCreate    cmsis_os.o
    0x08005a60   0x00000070   Code   RO         3920    i.prvAddCurrentTaskToDelayedList  tasks.o
    0x08005ad0   0x000000d0   Code   RO         3921    i.prvAddNewTaskToReadyList  tasks.o
    0x08005ba0   0x00000026   Code   RO         3596    i.prvCopyDataFromQueue  queue.o
    0x08005bc6   0x0000006c   Code   RO         3597    i.prvCopyDataToQueue  queue.o
    0x08005c32   0x00000034   Code   RO         3922    i.prvDeleteTCB      tasks.o
    0x08005c66   0x00000002   PAD
    0x08005c68   0x0000004c   Code   RO         4605    i.prvHeapInit       heap_4.o
    0x08005cb4   0x00000060   Code   RO         3923    i.prvIdleTask       tasks.o
    0x08005d14   0x00000016   Code   RO         3599    i.prvInitialiseNewQueue  queue.o
    0x08005d2a   0x00000098   Code   RO         3924    i.prvInitialiseNewTask  tasks.o
    0x08005dc2   0x00000002   PAD
    0x08005dc4   0x0000004c   Code   RO         4606    i.prvInsertBlockIntoFreeList  heap_4.o
    0x08005e10   0x0000001c   Code   RO         3600    i.prvIsQueueEmpty   queue.o
    0x08005e2c   0x00000020   Code   RO         3925    i.prvResetNextTaskUnblockTime  tasks.o
    0x08005e4c   0x00000028   Code   RO         4674    i.prvTaskExitError  port.o
    0x08005e74   0x0000006a   Code   RO         3601    i.prvUnlockQueue    queue.o
    0x08005ede   0x00000002   PAD
    0x08005ee0   0x000000dc   Code   RO         4607    i.pvPortMalloc      heap_4.o
    0x08005fbc   0x00000024   Code   RO         4675    i.pxPortInitialiseStack  port.o
    0x08005fe0   0x00000026   Code   RO         3556    i.uxListRemove      list.o
    0x08006006   0x00000002   PAD
    0x08006008   0x00000014   Code   RO          256    i.vApplicationGetIdleTaskMemory  freertos.o
    0x0800601c   0x00000016   Code   RO         3557    i.vListInitialise   list.o
    0x08006032   0x00000006   Code   RO         3558    i.vListInitialiseItem  list.o
    0x08006038   0x00000030   Code   RO         3559    i.vListInsert       list.o
    0x08006068   0x00000018   Code   RO         3560    i.vListInsertEnd    list.o
    0x08006080   0x00000040   Code   RO         4677    i.vPortEnterCritical  port.o
    0x080060c0   0x00000028   Code   RO         4678    i.vPortExitCritical  port.o
    0x080060e8   0x00000064   Code   RO         4608    i.vPortFree         heap_4.o
    0x0800614c   0x00000024   Code   RO         4679    i.vPortSetupTimerInterrupt  port.o
    0x08006170   0x00000054   Code   RO         4680    i.vPortValidateInterruptPriority  port.o
    0x080061c4   0x0000004c   Code   RO         3934    i.vTaskDelay        tasks.o
    0x08006210   0x00000010   Code   RO         3937    i.vTaskInternalSetTimeOutState  tasks.o
    0x08006220   0x0000000c   Code   RO         3938    i.vTaskMissedYield  tasks.o
    0x0800622c   0x00000030   Code   RO         3940    i.vTaskPlaceOnEventList  tasks.o
    0x0800625c   0x0000006c   Code   RO         3947    i.vTaskStartScheduler  tasks.o
    0x080062c8   0x00000010   Code   RO         3949    i.vTaskSuspendAll   tasks.o
    0x080062d8   0x0000005c   Code   RO         3950    i.vTaskSwitchContext  tasks.o
    0x08006334   0x000000a8   Code   RO         4681    i.xPortStartScheduler  port.o
    0x080063dc   0x00000042   Code   RO         3610    i.xQueueGenericCreate  queue.o
    0x0800641e   0x00000066   Code   RO         3611    i.xQueueGenericCreateStatic  queue.o
    0x08006484   0x00000088   Code   RO         3612    i.xQueueGenericReset  queue.o
    0x0800650c   0x00000160   Code   RO         3613    i.xQueueGenericSend  queue.o
    0x0800666c   0x000000be   Code   RO         3614    i.xQueueGenericSendFromISR  queue.o
    0x0800672a   0x00000002   PAD
    0x0800672c   0x00000138   Code   RO         3620    i.xQueueReceive     queue.o
    0x08006864   0x0000009a   Code   RO         3621    i.xQueueReceiveFromISR  queue.o
    0x080068fe   0x00000002   PAD
    0x08006900   0x00000074   Code   RO         3952    i.xTaskCheckForTimeOut  tasks.o
    0x08006974   0x0000005a   Code   RO         3953    i.xTaskCreate       tasks.o
    0x080069ce   0x00000056   Code   RO         3954    i.xTaskCreateStatic  tasks.o
    0x08006a24   0x0000001c   Code   RO         3958    i.xTaskGetSchedulerState  tasks.o
    0x08006a40   0x000000cc   Code   RO         3961    i.xTaskIncrementTick  tasks.o
    0x08006b0c   0x00000098   Code   RO         3964    i.xTaskPriorityDisinherit  tasks.o
    0x08006ba4   0x00000074   Code   RO         3966    i.xTaskRemoveFromEventList  tasks.o
    0x08006c18   0x000000c4   Code   RO         3967    i.xTaskResumeAll    tasks.o
    0x08006cdc   0x0000002c   Code   RO         4933    locale$$code        c_w.l(lc_numeric_c.o)
    0x08006d08   0x0000002c   Code   RO         4948    locale$$code        c_w.l(lc_ctype_c.o)
    0x08006d34   0x00000062   Code   RO         4800    x$fpl$d2f           fz_ws.l(d2f.o)
    0x08006d96   0x00000002   PAD
    0x08006d98   0x00000010   Code   RO         5107    x$fpl$dcheck1       fz_ws.l(dcheck1.o)
    0x08006da8   0x00000018   Code   RO         5064    x$fpl$dcmpinf       fz_ws.l(dcmpi.o)
    0x08006dc0   0x00000078   Code   RO         5041    x$fpl$deqf          fz_ws.l(deqf.o)
    0x08006e38   0x00000078   Code   RO         5066    x$fpl$dleqf         fz_ws.l(dleqf.o)
    0x08006eb0   0x0000009c   Code   RO         4859    x$fpl$dnaninf       fz_ws.l(dnaninf.o)
    0x08006f4c   0x0000000c   Code   RO         4861    x$fpl$dretinf       fz_ws.l(dretinf.o)
    0x08006f58   0x0000006c   Code   RO         5043    x$fpl$drleqf        fz_ws.l(drleqf.o)
    0x08006fc4   0x00000056   Code   RO         4802    x$fpl$f2d           fz_ws.l(f2d.o)
    0x0800701a   0x00000002   PAD
    0x0800701c   0x000000c4   Code   RO         4804    x$fpl$fadd          fz_ws.l(faddsub_clz.o)
    0x080070e0   0x00000018   Code   RO         4863    x$fpl$fcmpinf       fz_ws.l(fcmpi.o)
    0x080070f8   0x00000184   Code   RO         4811    x$fpl$fdiv          fz_ws.l(fdiv.o)
    0x0800727c   0x00000036   Code   RO         4814    x$fpl$ffix          fz_ws.l(ffix.o)
    0x080072b2   0x00000002   PAD
    0x080072b4   0x00000030   Code   RO         4819    x$fpl$fflt          fz_ws.l(fflt_clz.o)
    0x080072e4   0x00000026   Code   RO         4818    x$fpl$ffltu         fz_ws.l(fflt_clz.o)
    0x0800730a   0x00000002   PAD
    0x0800730c   0x00000068   Code   RO         4824    x$fpl$fleqf         fz_ws.l(fleqf.o)
    0x08007374   0x00000102   Code   RO         4826    x$fpl$fmul          fz_ws.l(fmul.o)
    0x08007476   0x0000008c   Code   RO         4865    x$fpl$fnaninf       fz_ws.l(fnaninf.o)
    0x08007502   0x0000000a   Code   RO         4867    x$fpl$fretinf       fz_ws.l(fretinf.o)
    0x0800750c   0x00000062   Code   RO         4828    x$fpl$frleqf        fz_ws.l(frleqf.o)
    0x0800756e   0x00000002   PAD
    0x08007570   0x000000ea   Code   RO         4806    x$fpl$fsub          fz_ws.l(faddsub_clz.o)
    0x0800765a   0x00000004   Code   RO         4830    x$fpl$printf1       fz_ws.l(printf1.o)
    0x0800765e   0x00000064   Code   RO         5140    x$fpl$retnan        fz_ws.l(retnan.o)
    0x080076c2   0x0000005c   Code   RO         5068    x$fpl$scalbn        fz_ws.l(scalbn.o)
    0x0800771e   0x00000004   Code   RO         4937    x$fpl$scanf1        fz_ws.l(scanf1.o)
    0x08007722   0x00000008   Code   RO         5014    x$fpl$scanf2        fz_ws.l(scanf2.o)
    0x0800772a   0x00000030   Code   RO         5146    x$fpl$trapveneer    fz_ws.l(trapv.o)
    0x0800775a   0x00000000   Code   RO         4869    x$fpl$usenofp       fz_ws.l(usenofp.o)
    0x0800775a   0x00000002   PAD
    0x0800775c   0x00000064   Data   RO          258    .constdata          freertos.o
    0x080077c0   0x00000012   Data   RO         1828    .constdata          stm32f1xx_hal_rcc.o
    0x080077d2   0x00000010   Data   RO         3419    .constdata          system_stm32f1xx.o
    0x080077e2   0x00000008   Data   RO         3420    .constdata          system_stm32f1xx.o
    0x080077ea   0x00000002   PAD
    0x080077ec   0x00000094   Data   RO         4908    .constdata          c_w.l(bigflt0.o)
    0x08007880   0x00000023   Data   RO          259    .conststring        freertos.o
    0x080078a3   0x00000001   PAD
    0x080078a4   0x00000020   Data   RO         5164    Region$$Table       anon$$obj.o
    0x080078c4   0x00000008   Data   RO         5009    c$$dinf             fz_ws.l(fpconst.o)
    0x080078cc   0x0000001c   Data   RO         4932    locale$$data        c_w.l(lc_numeric_c.o)
    0x080078e8   0x00000110   Data   RO         4947    locale$$data        c_w.l(lc_ctype_c.o)


    Execution Region RW_IRAM1 (Base: 0x20000000, Size: 0x00005c28, Max: 0x00010000, ABSOLUTE)

    Base Addr    Size         Type   Attr      Idx    E Section Name        Object

    0x20000000   0x00000010   Data   RW           20    .data               main.o
    0x20000010   0x0000002c   Data   RW          260    .data               freertos.o
    0x2000003c   0x0000000c   Data   RW         1665    .data               stm32f1xx_hal.o
    0x20000048   0x00000004   Data   RW         3421    .data               system_stm32f1xx.o
    0x2000004c   0x0000003c   Data   RW         3970    .data               tasks.o
    0x20000088   0x00000020   Data   RW         4614    .data               heap_4.o
    0x200000a8   0x0000000c   Data   RW         4682    .data               port.o
    0x200000b4   0x00000268   Zero   RW          257    .bss                freertos.o
    0x2000031c   0x00000054   Zero   RW          351    .bss                i2c.o
    0x20000370   0x000000d8   Zero   RW          396    .bss                tim.o
    0x20000448   0x00000048   Zero   RW          453    .bss                usart.o
    0x20000490   0x00000048   Zero   RW          595    .bss                stm32f1xx_hal_timebase_tim.o
    0x200004d8   0x000000f0   Zero   RW         3969    .bss                tasks.o
    0x200005c8   0x00005000   Zero   RW         4613    .bss                heap_4.o
    0x200055c8   0x00000060   Zero   RW         4871    .bss                c_w.l(libspace.o)
    0x20005628   0x00000200   Zero   RW            2    HEAP                startup_stm32f103xe.o
    0x20005828   0x00000400   Zero   RW            1    STACK               startup_stm32f103xe.o


==============================================================================

Image component sizes


      Code (inc. data)   RO Data    RW Data    ZI Data      Debug   Object Name

       410         10          0          0          0      29685   cmsis_os.o
         0          0          0          0          0      19988   event_groups.o
      2492        382        135         44        616       9973   freertos.o
       300         26          0          0          0       1059   gpio.o
       472         24          0         32      20480       7251   heap_4.o
       212         38          0          0         84       2121   i2c.o
       138          0          0          0          0       3330   list.o
       722        110          0         16          0     530635   main.o
       662         70          0         12          0      10965   port.o
      1614         14          0          0          0      17497   queue.o
        64         26        304          0       1536        800   startup_stm32f103xe.o
       100         18          0         12          0       5786   stm32f1xx_hal.o
       158         14          0          0          0      28126   stm32f1xx_hal_cortex.o
       374          8          0          0          0       1803   stm32f1xx_hal_dma.o
       840         74          0          0          0       4461   stm32f1xx_hal_gpio.o
      2432         56          0          0          0      13531   stm32f1xx_hal_i2c.o
        72         10          0          0          0        850   stm32f1xx_hal_msp.o
      1304         94         18          0          0       5669   stm32f1xx_hal_rcc.o
      1982        120          0          0          0      16751   stm32f1xx_hal_tim.o
       128         20          0          0          0       2361   stm32f1xx_hal_tim_ex.o
       152         20          0          0         72       1447   stm32f1xx_hal_timebase_tim.o
      1554         10          0          0          0      10820   stm32f1xx_hal_uart.o
        48         18          0          0          0       3797   stm32f1xx_it.o
         0          0          0          0          0        384   stream_buffer.o
         2          0         24          4          0       1083   system_stm32f1xx.o
      2008        150          0         60        240      24222   tasks.o
       524         54          0          0        216       3542   tim.o
       184         20          0          0         72       1650   usart.o

    ----------------------------------------------------------------------
     18986       1386        516        180      23316     759587   Object Totals
         0          0         32          0          0          0   (incl. Generated)
        38          0          3          0          0          0   (incl. Padding)

    ----------------------------------------------------------------------

      Code (inc. data)   RO Data    RW Data    ZI Data      Debug   Library Member Name

         8          0          0          0          0         68   __main.o
       284          0          0          0          0        156   __printf_wp.o
         0          0          0          0          0          0   __rtentry.o
        12          0          0          0          0          0   __rtentry2.o
         6          0          0          0          0          0   __rtentry4.o
        52          8          0          0          0          0   __scatter.o
        26          0          0          0          0          0   __scatter_copy.o
        28          0          0          0          0          0   __scatter_zi.o
        28          0          0          0          0         68   _chval.o
        48          6          0          0          0         96   _printf_char_common.o
         6          0          0          0          0          0   _printf_d.o
       120         16          0          0          0         92   _printf_dec.o
         6          0          0          0          0          0   _printf_f.o
      1050          0          0          0          0        216   _printf_fp_dec.o
       128         16          0          0          0         84   _printf_fp_infnan.o
       178          0          0          0          0         88   _printf_intcommon.o
         0          0          0          0          0          0   _printf_percent.o
         4          0          0          0          0          0   _printf_percent_end.o
        22          0          0          0          0        100   _rserrno.o
        64          0          0          0          0         84   _sgetc.o
        10          0          0          0          0         68   _sputc.o
       158          0          0          0          0         92   _strtoul.o
        26          0          0          0          0         80   atoi.o
       220          4        148          0          0         96   bigflt0.o
      2074        132          0          0          0        940   btod.o
        18          0          0          0          0         80   exit.o
         6          0          0          0          0        152   heapauxi.o
         0          0          0          0          0          0   indicate_semi.o
        18          0          0          0          0         76   isspace.o
        44         10        272          0          0         76   lc_ctype_c.o
        44         10         28          0          0         76   lc_numeric_c.o
         2          0          0          0          0          0   libinit.o
        30          0          0          0          0          0   libinit2.o
         2          0          0          0          0          0   libshutdown.o
         2          0          0          0          0          0   libshutdown2.o
         8          4          0          0         96         68   libspace.o
        38          0          0          0          0         68   llshl.o
       138          0          0          0          0         80   lludiv10.o
        40          6          0          0          0         84   noretval__2sprintf.o
        16          4          0          0          0         76   rt_ctype_table.o
         8          4          0          0          0         68   rt_errno_addr_intlibspace.o
         8          4          0          0          0         68   rt_locale_intlibspace.o
        78          0          0          0          0         80   rt_memclr_w.o
       138          0          0          0          0         68   rt_memcpy_v6.o
       100          0          0          0          0         80   rt_memcpy_w.o
         2          0          0          0          0          0   rtexit.o
        10          0          0          0          0          0   rtexit2.o
      1188         12          0          0          0        148   scanf_fp.o
       800         14          0          0          0        100   scanf_hexfp.o
       308         16          0          0          0        100   scanf_infnan.o
       128          0          0          0          0         68   strcmpv7m.o
        62          0          0          0          0         76   strlen.o
       164         14          0          0          0        120   strtod.o
       112          0          0          0          0         88   strtol.o
        12          4          0          0          0         68   sys_exit.o
        74          0          0          0          0         80   sys_stackheap_outer.o
         2          0          0          0          0         68   use_no_semi.o
        98          4          0          0          0         92   d2f.o
        16          4          0          0          0         68   dcheck1.o
        24          0          0          0          0         68   dcmpi.o
       120          4          0          0          0         92   deqf.o
       120          4          0          0          0         92   dleqf.o
       156          4          0          0          0         92   dnaninf.o
        12          0          0          0          0         68   dretinf.o
       108          0          0          0          0         80   drleqf.o
        86          4          0          0          0         84   f2d.o
       430          8          0          0          0        168   faddsub_clz.o
        24          0          0          0          0         68   fcmpi.o
       388         76          0          0          0         96   fdiv.o
        54          4          0          0          0         84   ffix.o
        86          0          0          0          0        136   fflt_clz.o
       104          4          0          0          0         84   fleqf.o
       258          4          0          0          0         84   fmul.o
       140          4          0          0          0         84   fnaninf.o
         0          0          8          0          0          0   fpconst.o
        10          0          0          0          0         68   fretinf.o
        98          0          0          0          0         68   frleqf.o
         4          0          0          0          0         68   printf1.o
       100          0          0          0          0         68   retnan.o
        92          0          0          0          0         68   scalbn.o
         4          0          0          0          0         68   scanf1.o
         8          0          0          0          0         84   scanf2.o
        48          0          0          0          0         68   trapv.o
         0          0          0          0          0          0   usenofp.o
        42          0          0          0          0         84   atof.o
        30          6          0          0          0        136   dunder.o
        40          0          0          0          0         68   fpclassify.o
        88          8          0          0          0         76   frexp.o
       138          0          0          0          0        160   ldexp.o
       152          4          0          0          0        168   narrow.o

    ----------------------------------------------------------------------
     11266        426        456          0         96       7236   Library Totals
        30          0          0          0          0          0   (incl. Padding)

    ----------------------------------------------------------------------

      Code (inc. data)   RO Data    RW Data    ZI Data      Debug   Library Name

      8158        284        448          0         96       4444   c_w.l
      2588        124          8          0          0       2100   fz_ws.l
       490         18          0          0          0        692   m_ws.l

    ----------------------------------------------------------------------
     11266        426        456          0         96       7236   Library Totals

    ----------------------------------------------------------------------

==============================================================================


      Code (inc. data)   RO Data    RW Data    ZI Data      Debug   

     30252       1812        972        180      23412     753819   Grand Totals
     30252       1812        972        180      23412     753819   ELF Image Totals
     30252       1812        972        180          0          0   ROM Totals

==============================================================================

    Total RO  Size (Code + RO Data)                31224 (  30.49kB)
    Total RW  Size (RW Data + ZI Data)             23592 (  23.04kB)
    Total ROM Size (Code + RO Data + RW Data)      31404 (  30.67kB)

==============================================================================

